Archive member included to satisfy reference by file (symbol)

/opt/devkitpro/libnx/lib/libnx.a(ns.o)
                              nsp_installer.o (nsInitialize)
/opt/devkitpro/libnx/lib/libnx.a(ncm.o)
                              nsp_installer.o (ncmInitialize)
/opt/devkitpro/libnx/lib/libnx.a(fs.o)
                              nsp_installer.o (fsOpenFileSystemWithId)
/opt/devkitpro/libnx/lib/libnx.a(nifm.o)
                              /opt/devkitpro/libnx/lib/libnx.a(ns.o) (nifmGetClientId)
/opt/devkitpro/libnx/lib/libnx.a(sm.o)
                              /opt/devkitpro/libnx/lib/libnx.a(ns.o) (smGetServiceWrapper)
/opt/devkitpro/libnx/lib/libnx.a(applet.o)
                              main.o (appletMainLoop)
/opt/devkitpro/libnx/lib/libnx.a(hosversion.o)
                              /opt/devkitpro/libnx/lib/libnx.a(ns.o) (hosversionGet)
/opt/devkitpro/libnx/lib/libnx.a(env.o)
                              /opt/devkitpro/libnx/lib/libnx.a(applet.o) (envIsNso)
/opt/devkitpro/libnx/lib/libnx.a(pad.o)
                              main.o (padConfigureInput)
/opt/devkitpro/libnx/lib/libnx.a(diag.o)
                              /opt/devkitpro/libnx/lib/libnx.a(sm.o) (diagAbortWithResult)
/opt/devkitpro/libnx/lib/libnx.a(console.o)
                              main.o (consoleInit)
/opt/devkitpro/libnx/lib/libnx.a(console_sw.o)
                              /opt/devkitpro/libnx/lib/libnx.a(console.o) (getDefaultConsoleRenderer)
/opt/devkitpro/libnx/lib/libnx.a(usb_comms.o)
                              usb_client.o (usbCommsExit)
/opt/devkitpro/libnx/lib/libnx.a(svc.o)
                              /opt/devkitpro/libnx/lib/libnx.a(applet.o) (svcExitProcess)
/opt/devkitpro/libnx/lib/libnx.a(readtp.o)
                              /opt/devkitpro/libnx/lib/libnx.a(fs.o) (__aarch64_read_tp)
/opt/devkitpro/libnx/lib/libnx.a(switch_crt0.o)
                              (_start)
/opt/devkitpro/libnx/lib/libnx.a(default_font.bin.o)
                              /opt/devkitpro/libnx/lib/libnx.a(console.o) (default_font_bin)
/opt/devkitpro/libnx/lib/libnx.a(wait.o)
                              /opt/devkitpro/libnx/lib/libnx.a(applet.o) (waitObjects)
/opt/devkitpro/libnx/lib/libnx.a(rwlock.o)
                              /opt/devkitpro/libnx/lib/libnx.a(usb_comms.o) (rwlockReadLock)
/opt/devkitpro/libnx/lib/libnx.a(tmem.o)
                              /opt/devkitpro/libnx/lib/libnx.a(ns.o) (tmemCreate)
/opt/devkitpro/libnx/lib/libnx.a(mutex.o)
                              /opt/devkitpro/libnx/lib/libnx.a(ns.o) (mutexLock)
/opt/devkitpro/libnx/lib/libnx.a(virtmem.o)
                              /opt/devkitpro/libnx/lib/libnx.a(tmem.o) (virtmemLock)
/opt/devkitpro/libnx/lib/libnx.a(event.o)
                              /opt/devkitpro/libnx/lib/libnx.a(ns.o) (eventLoadRemote)
/opt/devkitpro/libnx/lib/libnx.a(condvar.o)
                              /opt/devkitpro/libnx/lib/libnx.a(rwlock.o) (condvarWaitTimeout)
/opt/devkitpro/libnx/lib/libnx.a(random.o)
                              /opt/devkitpro/libnx/lib/libnx.a(virtmem.o) (randomGet64)
/opt/devkitpro/libnx/lib/libnx.a(sessionmgr.o)
                              /opt/devkitpro/libnx/lib/libnx.a(fs.o) (sessionmgrCreate)
/opt/devkitpro/libnx/lib/libnx.a(apm.o)
                              /opt/devkitpro/libnx/lib/libnx.a(applet.o) (apmInitialize)
/opt/devkitpro/libnx/lib/libnx.a(hid.o)
                              /opt/devkitpro/libnx/lib/libnx.a(pad.o) (hidGetNpadStyleSet)
/opt/devkitpro/libnx/lib/libnx.a(usbds.o)
                              /opt/devkitpro/libnx/lib/libnx.a(usb_comms.o) (usbDsGetState)
/opt/devkitpro/libnx/lib/libnx.a(framebuffer.o)
                              /opt/devkitpro/libnx/lib/libnx.a(console_sw.o) (framebufferMakeLinear)
/opt/devkitpro/libnx/lib/libnx.a(default_window.o)
                              /opt/devkitpro/libnx/lib/libnx.a(console_sw.o) (nwindowGetDefault)
/opt/devkitpro/libnx/lib/libnx.a(native_window.o)
                              /opt/devkitpro/libnx/lib/libnx.a(framebuffer.o) (nwindowIsValid)
/opt/devkitpro/libnx/lib/libnx.a(dynamic.o)
                              /opt/devkitpro/libnx/lib/libnx.a(switch_crt0.o) (__nx_dynamic)
/opt/devkitpro/libnx/lib/libnx.a(init.o)
                              /opt/devkitpro/libnx/lib/libnx.a(switch_crt0.o) (__libnx_init)
/opt/devkitpro/libnx/lib/libnx.a(alloc.o)
                              /opt/devkitpro/libnx/lib/libnx.a(virtmem.o) (__libnx_alloc)
/opt/devkitpro/libnx/lib/libnx.a(newlib.o)
                              /opt/devkitpro/libnx/lib/libnx.a(init.o) (__libnx_init_time)
/opt/devkitpro/libnx/lib/libnx.a(argv.o)
                              /opt/devkitpro/libnx/lib/libnx.a(init.o) (argvSetup)
/opt/devkitpro/libnx/lib/libnx.a(fs_dev.o)
                              /opt/devkitpro/libnx/lib/libnx.a(init.o) (fsdevMountSdmc)
/opt/devkitpro/libnx/lib/libnx.a(decode_utf8.o)
                              /opt/devkitpro/libnx/lib/libnx.a(fs_dev.o) (decode_utf8)
[...]
Memory Configuration

Name             Origin             Length             Attributes
*default*        0x0000000000000000 0xffffffffffffffff

Linker script and memory map

                0x0000000000000000                PROVIDE (__start__ = 0x0)
                0x0000000000000000                . = __start__
                [!provide]                        PROVIDE (__code_start = .)

.text           0x0000000000000000    0x340c8
 *(.crt0)
 .crt0          0x0000000000000000      0x130 /opt/devkitpro/libnx/lib/libnx.a(switch_crt0.o)
                0x0000000000000000                _start
                0x00000000000000e0                __nx_exit
                0x00000000000000f0                __nx_mod0
 *(.text.unlikely .text.*_unlikely .text.unlikely.*)
 .text.unlikely._ZSt19__throw_logic_errorPKc
                0x0000000000000130       0x50 /opt/devkitpro/devkitA64/bin/../lib/gcc/aarch64-none-elf/15.1.0/../../../../aarch64-none-elf/lib/pic/libstdc++.a(functexcept.o)
                0x0000000000000130                std::__throw_logic_error(char const*)
 .text.unlikely._ZSt24__throw_invalid_argumentPKc
                0x0000000000000180       0x50 /opt/devkitpro/devkitA64/bin/../lib/gcc/aarch64-none-elf/15.1.0/../../../../aarch64-none-elf/lib/pic/libstdc++.a(functexcept.o)
                0x0000000000000180                std::__throw_invalid_argument(char const*)
 .text.unlikely._ZSt20__throw_length_errorPKc
                0x00000000000001d0       0x50 /opt/devkitpro/devkitA64/bin/../lib/gcc/aarch64-none-elf/15.1.0/../../../../aarch64-none-elf/lib/pic/libstdc++.a(functexcept.o)
                0x00000000000001d0                std::__throw_length_error(char const*)
 .text.unlikely._ZSt20__throw_out_of_rangePKc
                0x0000000000000220       0x50 /opt/devkitpro/devkitA64/bin/../lib/gcc/aarch64-none-elf/15.1.0/../../../../aarch64-none-elf/lib/pic/libstdc++.a(functexcept.o)
                0x0000000000000220                std::__throw_out_of_range(char const*)
 .text.unlikely._ZSt24__throw_out_of_range_fmtPKcz
                0x0000000000000270        0xc /opt/devkitpro/devkitA64/bin/../lib/gcc/aarch64-none-elf/15.1.0/../../../../aarch64-none-elf/lib/pic/libstdc++.a(functexcept.o)
                0x0000000000000270                std::__throw_out_of_range_fmt(char const*, ...)
 .text.unlikely._ZN9__gnu_cxx30__throw_concurrence_lock_errorEv
                0x000000000000027c       0x34 /opt/devkitpro/devkitA64/bin/../lib/gcc/aarch64-none-elf/15.1.0/../../../../aarch64-none-elf/lib/pic/libstdc++.a(eh_alloc.o)
                0x000000000000027c                __gnu_cxx::__throw_concurrence_lock_error()
 .text.unlikely._ZN9__gnu_cxx32__throw_concurrence_unlock_errorEv
                0x00000000000002b0       0x34 /opt/devkitpro/devkitA64/bin/../lib/gcc/aarch64-none-elf/15.1.0/../../../../aarch64-none-elf/lib/pic/libstdc++.a(eh_alloc.o)
                0x00000000000002b0                __gnu_cxx::__throw_concurrence_unlock_error()
 .text.unlikely._ZSt9terminatev
                0x00000000000002e4       0x10 /opt/devkitpro/devkitA64/bin/../lib/gcc/aarch64-none-elf/15.1.0/../../../../aarch64-none-elf/lib/pic/libstdc++.a(eh_terminate.o)
                0x00000000000002e4                std::terminate()
 .text.unlikely._ZSt10unexpectedv
                0x00000000000002f4       0x10 /opt/devkitpro/devkitA64/bin/../lib/gcc/aarch64-none-elf/15.1.0/../../../../aarch64-none-elf/lib/pic/libstdc++.a(eh_terminate.o)
                0x00000000000002f4                std::unexpected()
 .text.unlikely.__cxa_call_terminate
                0x0000000000000304       0x44 /opt/devkitpro/devkitA64/bin/../lib/gcc/aarch64-none-elf/15.1.0/../../../../aarch64-none-elf/lib/pic/libstdc++.a(eh_call.o)
                0x0000000000000304                __cxa_call_terminate
 *(.text.exit .text.exit.*)
 *fill*         0x0000000000000348       0x18 
 .text.exit._GLOBAL__sub_D_eh_globals.cc
                0x0000000000000360       0x34 /opt/devkitpro/devkitA64/bin/../lib/gcc/aarch64-none-elf/15.1.0/../../../../aarch64-none-elf/lib/pic/libstdc++.a(eh_globals.o)
 *fill*         0x0000000000000394        0xc 
 .text.exit     0x00000000000003a0       0x34 /opt/devkitpro/devkitA64/bin/../lib/gcc/aarch64-none-elf/15.1.0/../../../../aarch64-none-elf/lib/pic/libg.a(libc_a-exit.o)
                0x00000000000003a0                exit
 *(.text.startup .text.startup.*)
 *fill*         0x00000000000003d4        0xc 
 .text.startup.main
                0x00000000000003e0      0xa24 main.o
                0x00000000000003e0                main
 *fill*         0x0000000000000e04       0x1c 
 .text.startup._GLOBAL__sub_I_eh_alloc.cc
                0x0000000000000e20      0x1f0 /opt/devkitpro/devkitA64/bin/../lib/gcc/aarch64-none-elf/15.1.0/../../../../aarch64-none-elf/lib/pic/libstdc++.a(eh_alloc.o)
 *fill*         0x0000000000001010       0x10 
 .text.startup._GLOBAL__sub_I_eh_globals.cc
                0x0000000000001020       0x38 /opt/devkitpro/devkitA64/bin/../lib/gcc/aarch64-none-elf/15.1.0/../../../../aarch64-none-elf/lib/pic/libstdc++.a(eh_globals.o)
 *(.text.hot .text.hot.*)
 *(.text .stub .text.* .gnu.linkonce.t.*)
 *fill*         0x0000000000001058        0x8 
 .text.__do_global_dtors_aux
                0x0000000000001060       0x50 /opt/devkitpro/devkitA64/bin/../lib/gcc/aarch64-none-elf/15.1.0/pic/crtbegin.o
 *fill*         0x00000000000010b0       0x10 
 .text.frame_dummy
                0x00000000000010c0       0x24 /opt/devkitpro/devkitA64/bin/../lib/gcc/aarch64-none-elf/15.1.0/pic/crtbegin.o
 *fill*         0x00000000000010e4        0xc 
 .text._ZNSt17_Function_handlerIFvmmEZ4mainEUlmmE_E10_M_managerERSt9_Any_dataRKS3_St18_Manager_operation
                0x00000000000010f0       0x40 main.o
 .text._Z10drawHeaderm
                0x0000000000001130       0x54 main.o
                0x0000000000001130                drawHeader(unsigned long)
 *fill*         0x0000000000001184        0xc 
 .text._Z10formatSizeB5cxx11m
                0x0000000000001190      0x158 main.o
                0x0000000000001190                formatSize[abi:cxx11](unsigned long)
 *fill*         0x00000000000012e8        0x8 
 .text._Z13printProgressmm
                0x00000000000012f0      0x25c main.o
                0x00000000000012f0                printProgress(unsigned long, unsigned long)
 *fill*         0x000000000000154c        0x4 
 .text._ZNSt17_Function_handlerIFvmmEZ4mainEUlmmE_E9_M_invokeERKSt9_Any_dataOmS6_
                0x0000000000001550       0x18 main.o
 *fill*         0x0000000000001568        0x8 
 .text._ZN9USBClientC2Ev
                0x0000000000001570        0x8 usb_client.o
                0x0000000000001570                USBClient::USBClient()
                0x0000000000001570                USBClient::USBClient()
 *fill*         0x0000000000001578        0x8 
 .text._ZN9USBClientD2Ev
                0x0000000000001580       0x10 usb_client.o
                0x0000000000001580                USBClient::~USBClient()
                0x0000000000001580                USBClient::~USBClient()
 .text._ZN9USBClient10initializeEv
                0x0000000000001590       0x98 usb_client.o
                0x0000000000001590                USBClient::initialize()
 *fill*         0x0000000000001628        0x8 
 .text._ZN9USBClient5closeEv
                0x0000000000001630       0x2c usb_client.o
                0x0000000000001630                USBClient::close()
 *fill*         0x000000000000165c        0x4 
 .text._ZN9USBClient12downloadFileERKNSt7__cxx1112basic_stringIcSt11char_traitsIcESaIcEEES7_St8functionIFvmmEEm
                0x0000000000001660      0x4a4 usb_client.o
                0x0000000000001660                USBClient::downloadFile(std::__cxx11::basic_string<char, std::char_traits<char>, std::allocator<char> > const&, std::__cxx11::basic_string<char, std::char_traits<char>, std::allocator<char> > const&, std::function<void (unsigned long, unsigned long)>, unsigned long)
 *fill*         0x0000000000001b04        0xc 
 .text._ZNSt6vectorI8FileInfoSaIS0_EE17_M_realloc_appendIJRKS0_EEEvDpOT_
                0x0000000000001b10      0x200 usb_client.o
                0x0000000000001b10                void std::vector<FileInfo, std::allocator<FileInfo> >::_M_realloc_append<FileInfo const&>(FileInfo const&)
 .text._ZN9USBClient9listFilesEv
                0x0000000000001d10      0xafc usb_client.o
                0x0000000000001d10                USBClient::listFiles()
 *fill*         0x000000000000280c        0x4 
 .text._fsCleanup
                0x0000000000002810       0xb4 /opt/devkitpro/libnx/lib/libnx.a(fs.o)
 *fill*         0x00000000000028c4        0xc 
 .text._fsCmdNoIO
                0x00000000000028d0      0x1c0 /opt/devkitpro/libnx/lib/libnx.a(fs.o)
 .text._fsFsCmdWithInPath
                0x0000000000002a90      0x1e0 /opt/devkitpro/libnx/lib/libnx.a(fs.o)
 .text._fsFsCmdWithTwoInPaths
                0x0000000000002c70      0x1f8 /opt/devkitpro/libnx/lib/libnx.a(fs.o)
 *fill*         0x0000000000002e68        0x8 
 .text._fsFsOpenCommon
                0x0000000000002e70      0x28c /opt/devkitpro/libnx/lib/libnx.a(fs.o)
 *fill*         0x00000000000030fc        0x4 
 .text._fsFsCmdWithInPathAndOutU64
                0x0000000000003100      0x1fc /opt/devkitpro/libnx/lib/libnx.a(fs.o)
 *fill*         0x00000000000032fc        0x4 
 .text._fsObjectClose
                0x0000000000003300       0xf8 /opt/devkitpro/libnx/lib/libnx.a(fs.o)
 *fill*         0x00000000000033f8        0x8 
 .text._fsCmdGetSession.constprop.0
                0x0000000000003400      0x17c /opt/devkitpro/libnx/lib/libnx.a(fs.o)
 *fill*         0x000000000000357c        0x4 
 .text.fsInitialize
                0x0000000000003580      0x2f8 /opt/devkitpro/libnx/lib/libnx.a(fs.o)
                0x0000000000003580                fsInitialize
 *fill*         0x0000000000003878        0x8 
 .text.fsExit   0x0000000000003880       0x48 /opt/devkitpro/libnx/lib/libnx.a(fs.o)
                0x0000000000003880                fsExit
 *fill*         0x00000000000038c8        0x8 
 .text.fsOpenSdCardFileSystem
                0x00000000000038d0        0x8 /opt/devkitpro/libnx/lib/libnx.a(fs.o)
                0x00000000000038d0                fsOpenSdCardFileSystem
 *fill*         0x00000000000038d8        0x8 
 .text.fsFsCreateFile
                0x00000000000038e0      0x1ec /opt/devkitpro/libnx/lib/libnx.a(fs.o)
                0x00000000000038e0                fsFsCreateFile
 *fill*         0x0000000000003acc        0x4 
 .text.fsFsDeleteFile
                0x0000000000003ad0        0x8 /opt/devkitpro/libnx/lib/libnx.a(fs.o)
                0x0000000000003ad0                fsFsDeleteFile
 *fill*         0x0000000000003ad8        0x8 
 .text.fsFsCreateDirectory
                0x0000000000003ae0        0x8 /opt/devkitpro/libnx/lib/libnx.a(fs.o)
                0x0000000000003ae0                fsFsCreateDirectory
 *fill*         0x0000000000003ae8        0x8 
 .text.fsFsDeleteDirectory
                0x0000000000003af0        0x8 /opt/devkitpro/libnx/lib/libnx.a(fs.o)
                0x0000000000003af0                fsFsDeleteDirectory
 *fill*         0x0000000000003af8        0x8 
 .text.fsFsRenameFile
                0x0000000000003b00        0x8 /opt/devkitpro/libnx/lib/libnx.a(fs.o)
                0x0000000000003b00                fsFsRenameFile
 *fill*         0x0000000000003b08        0x8 
 .text.fsFsRenameDirectory
                0x0000000000003b10        0x8 /opt/devkitpro/libnx/lib/libnx.a(fs.o)
                0x0000000000003b10                fsFsRenameDirectory
 *fill*         0x0000000000003b18        0x8 
 .text.fsFsGetEntryType
                0x0000000000003b20      0x1f0 /opt/devkitpro/libnx/lib/libnx.a(fs.o)
                0x0000000000003b20                fsFsGetEntryType
 .text.fsFsOpenFile
                0x0000000000003d10        0x8 /opt/devkitpro/libnx/lib/libnx.a(fs.o)
                0x0000000000003d10                fsFsOpenFile
 *fill*         0x0000000000003d18        0x8 
 .text.fsFsOpenDirectory
                0x0000000000003d20        0x8 /opt/devkitpro/libnx/lib/libnx.a(fs.o)
                0x0000000000003d20                fsFsOpenDirectory
 *fill*         0x0000000000003d28        0x8 
 .text.fsFsGetFreeSpace
                0x0000000000003d30        0x8 /opt/devkitpro/libnx/lib/libnx.a(fs.o)
                0x0000000000003d30                fsFsGetFreeSpace
 *fill*         0x0000000000003d38        0x8 
 .text.fsFsGetTotalSpace
                0x0000000000003d40        0x8 /opt/devkitpro/libnx/lib/libnx.a(fs.o)
                0x0000000000003d40                fsFsGetTotalSpace
 *fill*         0x0000000000003d48        0x8 
 .text.fsFsGetFileTimeStampRaw
                0x0000000000003d50      0x230 /opt/devkitpro/libnx/lib/libnx.a(fs.o)
                0x0000000000003d50                fsFsGetFileTimeStampRaw
 .text.fsFsClose
                0x0000000000003f80        0x4 /opt/devkitpro/libnx/lib/libnx.a(fs.o)
                0x0000000000003f80                fsFsClose
 *fill*         0x0000000000003f84        0xc 
 .text.fsFileRead
                0x0000000000003f90      0x214 /opt/devkitpro/libnx/lib/libnx.a(fs.o)
                0x0000000000003f90                fsFileRead
 *fill*         0x00000000000041a4        0xc 
 .text.fsFileWrite
                0x00000000000041b0      0x1f8 /opt/devkitpro/libnx/lib/libnx.a(fs.o)
                0x00000000000041b0                fsFileWrite
 *fill*         0x00000000000043a8        0x8 
 .text.fsFileFlush
                0x00000000000043b0        0x8 /opt/devkitpro/libnx/lib/libnx.a(fs.o)
                0x00000000000043b0                fsFileFlush
 *fill*         0x00000000000043b8        0x8 
 .text.fsFileSetSize
                0x00000000000043c0      0x1c0 /opt/devkitpro/libnx/lib/libnx.a(fs.o)
                0x00000000000043c0                fsFileSetSize
 .text.fsFileGetSize
                0x0000000000004580      0x1d4 /opt/devkitpro/libnx/lib/libnx.a(fs.o)
                0x0000000000004580                fsFileGetSize
 *fill*         0x0000000000004754        0xc 
 .text.fsFileClose
                0x0000000000004760        0x4 /opt/devkitpro/libnx/lib/libnx.a(fs.o)
                0x0000000000004760                fsFileClose
 *fill*         0x0000000000004764        0xc 
 .text.fsDirClose
                0x0000000000004770        0x4 /opt/devkitpro/libnx/lib/libnx.a(fs.o)
                0x0000000000004770                fsDirClose
 *fill*         0x0000000000004774        0xc 
 .text.fsDirRead
                0x0000000000004780      0x204 /opt/devkitpro/libnx/lib/libnx.a(fs.o)
                0x0000000000004780                fsDirRead
 *fill*         0x0000000000004984        0xc 
 .text._smCmifCmdInPid
                0x0000000000004990       0xcc /opt/devkitpro/libnx/lib/libnx.a(sm.o)
 *fill*         0x0000000000004a5c        0x4 
 .text._smCleanup
                0x0000000000004a60       0x78 /opt/devkitpro/libnx/lib/libnx.a(sm.o)
 *fill*         0x0000000000004ad8        0x8 
 .text.smAddOverrideHandle
                0x0000000000004ae0       0x48 /opt/devkitpro/libnx/lib/libnx.a(sm.o)
                0x0000000000004ae0                smAddOverrideHandle
 *fill*         0x0000000000004b28        0x8 
 .text.smGetServiceOverride
                0x0000000000004b30       0x54 /opt/devkitpro/libnx/lib/libnx.a(sm.o)
                0x0000000000004b30                smGetServiceOverride
 *fill*         0x0000000000004b84        0xc 
 .text.smInitialize
                0x0000000000004b90      0x1ac /opt/devkitpro/libnx/lib/libnx.a(sm.o)
                0x0000000000004b90                smInitialize
 *fill*         0x0000000000004d3c        0x4 
 .text.smExit   0x0000000000004d40       0x48 /opt/devkitpro/libnx/lib/libnx.a(sm.o)
                0x0000000000004d40                smExit
 *fill*         0x0000000000004d88        0x8 
 .text.smGetServiceOriginal
                0x0000000000004d90       0xd0 /opt/devkitpro/libnx/lib/libnx.a(sm.o)
                0x0000000000004d90                smGetServiceOriginal
 .text.smGetServiceWrapper
                0x0000000000004e60      0x120 /opt/devkitpro/libnx/lib/libnx.a(sm.o)
                0x0000000000004e60                smGetServiceWrapper
 .text._appletInfiniteSleepLoop
                0x0000000000004f80       0x18 /opt/devkitpro/libnx/lib/libnx.a(applet.o)
 *fill*         0x0000000000004f98        0x8 
 .text._appletCmdGetSession
                0x0000000000004fa0      0x108 /opt/devkitpro/libnx/lib/libnx.a(applet.o)
 *fill*         0x00000000000050a8        0x8 
 .text._appletCmdInU8NoOut
                0x00000000000050b0       0xcc /opt/devkitpro/libnx/lib/libnx.a(applet.o)
 *fill*         0x000000000000517c        0x4 
 .text._appletCmdInU32NoOut
                0x0000000000005180       0xcc /opt/devkitpro/libnx/lib/libnx.a(applet.o)
 *fill*         0x000000000000524c        0x4 
 .text._appletGetSessionProxy.constprop.0
                0x0000000000005250      0x12c /opt/devkitpro/libnx/lib/libnx.a(applet.o)
 *fill*         0x000000000000537c        0x4 
 .text._appletOpenLibraryAppletProxy.constprop.0
                0x0000000000005380      0x148 /opt/devkitpro/libnx/lib/libnx.a(applet.o)
 *fill*         0x00000000000054c8        0x8 
 .text._appletCmdGetEvent
                0x00000000000054d0       0xf8 /opt/devkitpro/libnx/lib/libnx.a(applet.o)
 *fill*         0x00000000000055c8        0x8 
 .text._appletCmdNoInOutU8.isra.0
                0x00000000000055d0       0xd4 /opt/devkitpro/libnx/lib/libnx.a(applet.o)
 *fill*         0x00000000000056a4        0xc 
 .text._appletCmdNoInOutU32.isra.0
                0x00000000000056b0       0xd4 /opt/devkitpro/libnx/lib/libnx.a(applet.o)
 *fill*         0x0000000000005784        0xc 
 .text._appletCmdNoInOutU64.isra.0
                0x0000000000005790       0xd4 /opt/devkitpro/libnx/lib/libnx.a(applet.o)
 *fill*         0x0000000000005864        0xc 
 .text._appletCmdNoIO.isra.0
                0x0000000000005870       0xc0 /opt/devkitpro/libnx/lib/libnx.a(applet.o)
 .text.appletGetAppletType
                0x0000000000005930       0x10 /opt/devkitpro/libnx/lib/libnx.a(applet.o)
                0x0000000000005930                appletGetAppletType
 .text.appletSetFocusHandlingMode
                0x0000000000005940      0x1b8 /opt/devkitpro/libnx/lib/libnx.a(applet.o)
                0x0000000000005940                appletSetFocusHandlingMode
 *fill*         0x0000000000005af8        0x8 
 .text.appletSetCpuBoostMode
                0x0000000000005b00       0x5c /opt/devkitpro/libnx/lib/libnx.a(applet.o)
                0x0000000000005b00                appletSetCpuBoostMode
 *fill*         0x0000000000005b5c        0x4 
 .text.appletCreateManagedDisplayLayer
                0x0000000000005b60       0x2c /opt/devkitpro/libnx/lib/libnx.a(applet.o)
                0x0000000000005b60                appletCreateManagedDisplayLayer
 *fill*         0x0000000000005b8c        0x4 
 .text.appletGetAppletResourceUserId
                0x0000000000005b90        0xc /opt/devkitpro/libnx/lib/libnx.a(applet.o)
                0x0000000000005b90                appletGetAppletResourceUserId
 *fill*         0x0000000000005b9c        0x4 
 .text._appletHolderCreateState
                0x0000000000005ba0      0x138 /opt/devkitpro/libnx/lib/libnx.a(applet.o)
 *fill*         0x0000000000005cd8        0x8 
 .text.appletHolderClose
                0x0000000000005ce0       0xb0 /opt/devkitpro/libnx/lib/libnx.a(applet.o)
                0x0000000000005ce0                appletHolderClose
 .text.appletHolderGetLibraryAppletInfo
                0x0000000000005d90       0x24 /opt/devkitpro/libnx/lib/libnx.a(applet.o)
                0x0000000000005d90                appletHolderGetLibraryAppletInfo
 *fill*         0x0000000000005db4        0xc 
 .text.appletNotifyRunning
                0x0000000000005dc0       0x90 /opt/devkitpro/libnx/lib/libnx.a(applet.o)
                0x0000000000005dc0                appletNotifyRunning
 .text.appletSetGamePlayRecordingState
                0x0000000000005e50       0x78 /opt/devkitpro/libnx/lib/libnx.a(applet.o)
                0x0000000000005e50                appletSetGamePlayRecordingState
 *fill*         0x0000000000005ec8        0x8 
 .text._appletCleanup
                0x0000000000005ed0      0xad4 /opt/devkitpro/libnx/lib/libnx.a(applet.o)
 *fill*         0x00000000000069a4        0xc 
 .text.appletExit
                0x00000000000069b0       0x48 /opt/devkitpro/libnx/lib/libnx.a(applet.o)
                0x00000000000069b0                appletExit
 *fill*         0x00000000000069f8        0x8 
 .text.appletGetLibraryAppletInfo
                0x0000000000006a00       0x40 /opt/devkitpro/libnx/lib/libnx.a(applet.o)
                0x0000000000006a00                appletGetLibraryAppletInfo
 .text.appletInitialize
                0x0000000000006a40      0xc14 /opt/devkitpro/libnx/lib/libnx.a(applet.o)
                0x0000000000006a40                appletInitialize
 *fill*         0x0000000000007654        0xc 
 .text._appletExitProcess
                0x0000000000007660       0x24 /opt/devkitpro/libnx/lib/libnx.a(applet.o)
 *fill*         0x0000000000007684        0xc 
 .text.appletGetMessage
                0x0000000000007690       0x74 /opt/devkitpro/libnx/lib/libnx.a(applet.o)
                0x0000000000007690                appletGetMessage
 *fill*         0x0000000000007704        0xc 
 .text.appletProcessMessage
                0x0000000000007710      0x264 /opt/devkitpro/libnx/lib/libnx.a(applet.o)
                0x0000000000007710                appletProcessMessage
 *fill*         0x0000000000007974        0xc 
 .text.appletMainLoop
                0x0000000000007980       0x34 /opt/devkitpro/libnx/lib/libnx.a(applet.o)
                0x0000000000007980                appletMainLoop
 *fill*         0x00000000000079b4        0xc 
 .text.hosversionGet
                0x00000000000079c0       0x14 /opt/devkitpro/libnx/lib/libnx.a(hosversion.o)
                0x00000000000079c0                hosversionGet
 *fill*         0x00000000000079d4        0xc 
 .text.hosversionSet
                0x00000000000079e0       0x10 /opt/devkitpro/libnx/lib/libnx.a(hosversion.o)
                0x00000000000079e0                hosversionSet
 .text.envSetup
                0x00000000000079f0      0x208 /opt/devkitpro/libnx/lib/libnx.a(env.o)
                0x00000000000079f0                envSetup
 *fill*         0x0000000000007bf8        0x8 
 .text.envGetMainThreadHandle
                0x0000000000007c00       0x20 /opt/devkitpro/libnx/lib/libnx.a(env.o)
                0x0000000000007c00                envGetMainThreadHandle
 .text.envIsNso
                0x0000000000007c20        0xc /opt/devkitpro/libnx/lib/libnx.a(env.o)
                0x0000000000007c20                envIsNso
 *fill*         0x0000000000007c2c        0x4 
 .text.envHasHeapOverride
                0x0000000000007c30       0x14 /opt/devkitpro/libnx/lib/libnx.a(env.o)
                0x0000000000007c30                envHasHeapOverride
 *fill*         0x0000000000007c44        0xc 
 .text.envGetHeapOverrideAddr
                0x0000000000007c50        0xc /opt/devkitpro/libnx/lib/libnx.a(env.o)
                0x0000000000007c50                envGetHeapOverrideAddr
 *fill*         0x0000000000007c5c        0x4 
 .text.envGetHeapOverrideSize
                0x0000000000007c60        0xc /opt/devkitpro/libnx/lib/libnx.a(env.o)
                0x0000000000007c60                envGetHeapOverrideSize
 *fill*         0x0000000000007c6c        0x4 
 .text.envHasArgv
                0x0000000000007c70       0x14 /opt/devkitpro/libnx/lib/libnx.a(env.o)
                0x0000000000007c70                envHasArgv
 *fill*         0x0000000000007c84        0xc 
 .text.envGetArgv
                0x0000000000007c90        0xc /opt/devkitpro/libnx/lib/libnx.a(env.o)
                0x0000000000007c90                envGetArgv
 *fill*         0x0000000000007c9c        0x4 
 .text.envGetExitFuncPtr
                0x0000000000007ca0        0xc /opt/devkitpro/libnx/lib/libnx.a(env.o)
                0x0000000000007ca0                envGetExitFuncPtr
 *fill*         0x0000000000007cac        0x4 
 .text.envSetExitFuncPtr
                0x0000000000007cb0        0xc /opt/devkitpro/libnx/lib/libnx.a(env.o)
                0x0000000000007cb0                envSetExitFuncPtr
 *fill*         0x0000000000007cbc        0x4 
 .text.envHasRandomSeed
                0x0000000000007cc0        0xc /opt/devkitpro/libnx/lib/libnx.a(env.o)
                0x0000000000007cc0                envHasRandomSeed
 *fill*         0x0000000000007ccc        0x4 
 .text.envGetRandomSeed
                0x0000000000007cd0       0x10 /opt/devkitpro/libnx/lib/libnx.a(env.o)
                0x0000000000007cd0                envGetRandomSeed
 .text.padConfigureInput
                0x0000000000007ce0       0x9c /opt/devkitpro/libnx/lib/libnx.a(pad.o)
                0x0000000000007ce0                padConfigureInput
 *fill*         0x0000000000007d7c        0x4 
 .text.padInitializeWithMask
                0x0000000000007d80       0x24 /opt/devkitpro/libnx/lib/libnx.a(pad.o)
                0x0000000000007d80                padInitializeWithMask
 *fill*         0x0000000000007da4        0xc 
 .text.padUpdate
                0x0000000000007db0      0x294 /opt/devkitpro/libnx/lib/libnx.a(pad.o)
                0x0000000000007db0                padUpdate
 *fill*         0x0000000000008044        0xc 
 .text.diagAbortWithResult
                0x0000000000008050       0x1c /opt/devkitpro/libnx/lib/libnx.a(diag.o)
                0x0000000000008050                diagAbortWithResult
 *fill*         0x000000000000806c        0x4 
 .text.consoleDrawChar
                0x0000000000008070       0x50 /opt/devkitpro/libnx/lib/libnx.a(console.o)
 .text.consoleNewRow
                0x00000000000080c0       0xb8 /opt/devkitpro/libnx/lib/libnx.a(console.o)
 *fill*         0x0000000000008178        0x8 
 .text.consolePrintChar.part.0
                0x0000000000008180      0x194 /opt/devkitpro/libnx/lib/libnx.a(console.o)
 *fill*         0x0000000000008314        0xc 
 .text.con_write
                0x0000000000008320      0xdf8 /opt/devkitpro/libnx/lib/libnx.a(console.o)
 *fill*         0x0000000000009118        0x8 
 .text.consoleInit
                0x0000000000009120       0xe4 /opt/devkitpro/libnx/lib/libnx.a(console.o)
                0x0000000000009120                consoleInit
 *fill*         0x0000000000009204        0xc 
 .text.consoleExit
                0x0000000000009210       0x44 /opt/devkitpro/libnx/lib/libnx.a(console.o)
                0x0000000000009210                consoleExit
 *fill*         0x0000000000009254        0xc 
 .text.consoleUpdate
                0x0000000000009260       0x2c /opt/devkitpro/libnx/lib/libnx.a(console.o)
                0x0000000000009260                consoleUpdate
 *fill*         0x000000000000928c        0x4 
 .text.consoleClear
                0x0000000000009290        0x4 /opt/devkitpro/libnx/lib/libnx.a(console.o)
                0x0000000000009290                consoleClear
 *fill*         0x0000000000009294        0xc 
 .text.ConsoleSwRenderer_drawChar
                0x00000000000092a0      0x1bc /opt/devkitpro/libnx/lib/libnx.a(console_sw.o)
 *fill*         0x000000000000945c        0x4 
 .text.ConsoleSwRenderer_init
                0x0000000000009460       0xe8 /opt/devkitpro/libnx/lib/libnx.a(console_sw.o)
 *fill*         0x0000000000009548        0x8 
 .text.ConsoleSwRenderer_flushAndSwap
                0x0000000000009550       0x78 /opt/devkitpro/libnx/lib/libnx.a(console_sw.o)
 *fill*         0x00000000000095c8        0x8 
 .text.ConsoleSwRenderer_scrollWindow
                0x00000000000095d0       0xec /opt/devkitpro/libnx/lib/libnx.a(console_sw.o)
 *fill*         0x00000000000096bc        0x4 
 .text.ConsoleSwRenderer_deinit
                0x00000000000096c0       0x50 /opt/devkitpro/libnx/lib/libnx.a(console_sw.o)
 .text.getDefaultConsoleRenderer
                0x0000000000009710        0xc /opt/devkitpro/libnx/lib/libnx.a(console_sw.o)
                0x0000000000009710                getDefaultConsoleRenderer
 *fill*         0x000000000000971c        0x4 
 .text._usbCommsRead
                0x0000000000009720      0x1c8 /opt/devkitpro/libnx/lib/libnx.a(usb_comms.o)
 *fill*         0x00000000000098e8        0x8 
 .text._usbCommsWrite
                0x00000000000098f0      0x198 /opt/devkitpro/libnx/lib/libnx.a(usb_comms.o)
 *fill*         0x0000000000009a88        0x8 
 .text.usbCommsExit
                0x0000000000009a90       0xb0 /opt/devkitpro/libnx/lib/libnx.a(usb_comms.o)
                0x0000000000009a90                usbCommsExit
 .text.usbCommsInitializeEx
                0x0000000000009b40      0x700 /opt/devkitpro/libnx/lib/libnx.a(usb_comms.o)
                0x0000000000009b40                usbCommsInitializeEx
 .text.usbCommsInitialize
                0x000000000000a240       0x14 /opt/devkitpro/libnx/lib/libnx.a(usb_comms.o)
                0x000000000000a240                usbCommsInitialize
 *fill*         0x000000000000a254        0xc 
 .text.usbCommsReadEx
                0x000000000000a260      0x144 /opt/devkitpro/libnx/lib/libnx.a(usb_comms.o)
                0x000000000000a260                usbCommsReadEx
 *fill*         0x000000000000a3a4        0xc 
 .text.usbCommsRead
                0x000000000000a3b0        0x8 /opt/devkitpro/libnx/lib/libnx.a(usb_comms.o)
                0x000000000000a3b0                usbCommsRead
 *fill*         0x000000000000a3b8        0x8 
 .text.usbCommsWriteEx
                0x000000000000a3c0      0x144 /opt/devkitpro/libnx/lib/libnx.a(usb_comms.o)
                0x000000000000a3c0                usbCommsWriteEx
 *fill*         0x000000000000a504        0xc 
 .text.usbCommsWrite
                0x000000000000a510        0x8 /opt/devkitpro/libnx/lib/libnx.a(usb_comms.o)
                0x000000000000a510                usbCommsWrite
 .text.svcSetHeapSize
                0x000000000000a518       0x14 /opt/devkitpro/libnx/lib/libnx.a(svc.o)
                0x000000000000a518                svcSetHeapSize
 .text.svcSetMemoryPermission
                0x000000000000a52c        0x8 /opt/devkitpro/libnx/lib/libnx.a(svc.o)
                0x000000000000a52c                svcSetMemoryPermission
 .text.svcSetMemoryAttribute
                0x000000000000a534        0x8 /opt/devkitpro/libnx/lib/libnx.a(svc.o)
                0x000000000000a534                svcSetMemoryAttribute
 .text.svcUnmapMemory
                0x000000000000a53c        0x8 /opt/devkitpro/libnx/lib/libnx.a(svc.o)
                0x000000000000a53c                svcUnmapMemory
 .text.svcQueryMemory
                0x000000000000a544       0x14 /opt/devkitpro/libnx/lib/libnx.a(svc.o)
                0x000000000000a544                svcQueryMemory
 .text.svcExitProcess
                0x000000000000a558        0x8 /opt/devkitpro/libnx/lib/libnx.a(svc.o)
                0x000000000000a558                svcExitProcess
 .text.svcSleepThread
                0x000000000000a560        0x8 /opt/devkitpro/libnx/lib/libnx.a(svc.o)
                0x000000000000a560                svcSleepThread
 .text.svcClearEvent
                0x000000000000a568        0x8 /opt/devkitpro/libnx/lib/libnx.a(svc.o)
                0x000000000000a568                svcClearEvent
 .text.svcMapSharedMemory
                0x000000000000a570        0x8 /opt/devkitpro/libnx/lib/libnx.a(svc.o)
                0x000000000000a570                svcMapSharedMemory
 .text.svcUnmapSharedMemory
                0x000000000000a578        0x8 /opt/devkitpro/libnx/lib/libnx.a(svc.o)
                0x000000000000a578                svcUnmapSharedMemory
 .text.svcCreateTransferMemory
                0x000000000000a580       0x14 /opt/devkitpro/libnx/lib/libnx.a(svc.o)
                0x000000000000a580                svcCreateTransferMemory
 .text.svcCloseHandle
                0x000000000000a594        0x8 /opt/devkitpro/libnx/lib/libnx.a(svc.o)
                0x000000000000a594                svcCloseHandle
 .text.svcResetSignal
                0x000000000000a59c        0x8 /opt/devkitpro/libnx/lib/libnx.a(svc.o)
                0x000000000000a59c                svcResetSignal
 .text.svcWaitSynchronization
                0x000000000000a5a4       0x14 /opt/devkitpro/libnx/lib/libnx.a(svc.o)
                0x000000000000a5a4                svcWaitSynchronization
 .text.svcArbitrateLock
                0x000000000000a5b8        0x8 /opt/devkitpro/libnx/lib/libnx.a(svc.o)
                0x000000000000a5b8                svcArbitrateLock
 .text.svcArbitrateUnlock
                0x000000000000a5c0        0x8 /opt/devkitpro/libnx/lib/libnx.a(svc.o)
                0x000000000000a5c0                svcArbitrateUnlock
 .text.svcWaitProcessWideKeyAtomic
                0x000000000000a5c8        0x8 /opt/devkitpro/libnx/lib/libnx.a(svc.o)
                0x000000000000a5c8                svcWaitProcessWideKeyAtomic
 .text.svcSignalProcessWideKey
                0x000000000000a5d0        0x8 /opt/devkitpro/libnx/lib/libnx.a(svc.o)
                0x000000000000a5d0                svcSignalProcessWideKey
 .text.svcConnectToNamedPort
                0x000000000000a5d8       0x14 /opt/devkitpro/libnx/lib/libnx.a(svc.o)
                0x000000000000a5d8                svcConnectToNamedPort
 .text.svcSendSyncRequest
                0x000000000000a5ec        0x8 /opt/devkitpro/libnx/lib/libnx.a(svc.o)
                0x000000000000a5ec                svcSendSyncRequest
 .text.svcBreak
                0x000000000000a5f4        0x8 /opt/devkitpro/libnx/lib/libnx.a(svc.o)
                0x000000000000a5f4                svcBreak
 .text.svcReturnFromException
                0x000000000000a5fc        0x8 /opt/devkitpro/libnx/lib/libnx.a(svc.o)
                0x000000000000a5fc                svcReturnFromException
 .text.svcGetInfo
                0x000000000000a604       0x14 /opt/devkitpro/libnx/lib/libnx.a(svc.o)
                0x000000000000a604                svcGetInfo
 .text.svcUnmapTransferMemory
                0x000000000000a618        0x8 /opt/devkitpro/libnx/lib/libnx.a(svc.o)
                0x000000000000a618                svcUnmapTransferMemory
 .text.__aarch64_read_tp
                0x000000000000a620        0xc /opt/devkitpro/libnx/lib/libnx.a(readtp.o)
                0x000000000000a620                __aarch64_read_tp
 *fill*         0x000000000000a62c        0x4 
 .text.waitObjects
                0x000000000000a630      0x57c /opt/devkitpro/libnx/lib/libnx.a(wait.o)
                0x000000000000a630                waitObjects
 *fill*         0x000000000000abac        0x4 
 .text.rwlockReadLock
                0x000000000000abb0       0x98 /opt/devkitpro/libnx/lib/libnx.a(rwlock.o)
                0x000000000000abb0                rwlockReadLock
 *fill*         0x000000000000ac48        0x8 
 .text.rwlockReadUnlock
                0x000000000000ac50       0xbc /opt/devkitpro/libnx/lib/libnx.a(rwlock.o)
                0x000000000000ac50                rwlockReadUnlock
 *fill*         0x000000000000ad0c        0x4 
 .text.rwlockWriteLock
                0x000000000000ad10       0x9c /opt/devkitpro/libnx/lib/libnx.a(rwlock.o)
                0x000000000000ad10                rwlockWriteLock
 *fill*         0x000000000000adac        0x4 
 .text.rwlockWriteUnlock
                0x000000000000adb0       0x78 /opt/devkitpro/libnx/lib/libnx.a(rwlock.o)
                0x000000000000adb0                rwlockWriteUnlock
 *fill*         0x000000000000ae28        0x8 
 .text.tmemCreate
                0x000000000000ae30       0xa8 /opt/devkitpro/libnx/lib/libnx.a(tmem.o)
                0x000000000000ae30                tmemCreate
 *fill*         0x000000000000aed8        0x8 
 .text.tmemUnmap
                0x000000000000aee0       0x34 /opt/devkitpro/libnx/lib/libnx.a(tmem.o)
                0x000000000000aee0                tmemUnmap
 *fill*         0x000000000000af14        0xc 
 .text.tmemCloseHandle
                0x000000000000af20       0x30 /opt/devkitpro/libnx/lib/libnx.a(tmem.o)
                0x000000000000af20                tmemCloseHandle
 .text.tmemWaitForPermission
                0x000000000000af50       0x9c /opt/devkitpro/libnx/lib/libnx.a(tmem.o)
                0x000000000000af50                tmemWaitForPermission
 *fill*         0x000000000000afec        0x4 
 .text.tmemClose
                0x000000000000aff0       0x50 /opt/devkitpro/libnx/lib/libnx.a(tmem.o)
                0x000000000000aff0                tmemClose
 .text.mutexLock
                0x000000000000b040       0xc8 /opt/devkitpro/libnx/lib/libnx.a(mutex.o)
                0x000000000000b040                mutexLock
 *fill*         0x000000000000b108        0x8 
 .text.mutexUnlock
                0x000000000000b110       0x68 /opt/devkitpro/libnx/lib/libnx.a(mutex.o)
                0x000000000000b110                mutexUnlock
 *fill*         0x000000000000b178        0x8 
 .text.mutexIsLockedByCurrentThread
                0x000000000000b180       0x1c /opt/devkitpro/libnx/lib/libnx.a(mutex.o)
                0x000000000000b180                mutexIsLockedByCurrentThread
 *fill*         0x000000000000b19c        0x4 
 .text.rmutexLock
                0x000000000000b1a0       0x58 /opt/devkitpro/libnx/lib/libnx.a(mutex.o)
                0x000000000000b1a0                rmutexLock
 *fill*         0x000000000000b1f8        0x8 
 .text.rmutexUnlock
                0x000000000000b200       0x1c /opt/devkitpro/libnx/lib/libnx.a(mutex.o)
                0x000000000000b200                rmutexUnlock
 *fill*         0x000000000000b21c        0x4 
 .text._memregionInitWithInfo
                0x000000000000b220       0x64 /opt/devkitpro/libnx/lib/libnx.a(virtmem.o)
 *fill*         0x000000000000b284        0xc 
 .text.__libnx_virtmem_rng
                0x000000000000b290        0x4 /opt/devkitpro/libnx/lib/libnx.a(virtmem.o)
                0x000000000000b290                __libnx_virtmem_rng
 *fill*         0x000000000000b294        0xc 
 .text._memregionFindRandom
                0x000000000000b2a0      0x164 /opt/devkitpro/libnx/lib/libnx.a(virtmem.o)
 *fill*         0x000000000000b404        0xc 
 .text.virtmemSetup
                0x000000000000b410      0x140 /opt/devkitpro/libnx/lib/libnx.a(virtmem.o)
                0x000000000000b410                virtmemSetup
 .text.virtmemLock
                0x000000000000b550        0xc /opt/devkitpro/libnx/lib/libnx.a(virtmem.o)
                0x000000000000b550                virtmemLock
 *fill*         0x000000000000b55c        0x4 
 .text.virtmemUnlock
                0x000000000000b560        0xc /opt/devkitpro/libnx/lib/libnx.a(virtmem.o)
                0x000000000000b560                virtmemUnlock
 *fill*         0x000000000000b56c        0x4 
 .text.virtmemFindAslr
                0x000000000000b570       0x50 /opt/devkitpro/libnx/lib/libnx.a(virtmem.o)
                0x000000000000b570                virtmemFindAslr
 .text.eventLoadRemote
                0x000000000000b5c0        0xc /opt/devkitpro/libnx/lib/libnx.a(event.o)
                0x000000000000b5c0                eventLoadRemote
 *fill*         0x000000000000b5cc        0x4 
 .text.eventWait
                0x000000000000b5d0       0x34 /opt/devkitpro/libnx/lib/libnx.a(event.o)
                0x000000000000b5d0                eventWait
 *fill*         0x000000000000b604        0xc 
 .text.eventClear
                0x000000000000b610       0x24 /opt/devkitpro/libnx/lib/libnx.a(event.o)
                0x000000000000b610                eventClear
 *fill*         0x000000000000b634        0xc 
 .text.eventClose
                0x000000000000b640       0x54 /opt/devkitpro/libnx/lib/libnx.a(event.o)
                0x000000000000b640                eventClose
 *fill*         0x000000000000b694        0xc 
 .text.condvarWaitTimeout
                0x000000000000b6a0       0x70 /opt/devkitpro/libnx/lib/libnx.a(condvar.o)
                0x000000000000b6a0                condvarWaitTimeout
 .text.randomGet
                0x000000000000b710      0x410 /opt/devkitpro/libnx/lib/libnx.a(random.o)
                0x000000000000b710                randomGet
 .text.randomGet64
                0x000000000000bb20       0x20 /opt/devkitpro/libnx/lib/libnx.a(random.o)
                0x000000000000bb20                randomGet64
 .text.sessionmgrCreate
                0x000000000000bb40      0x184 /opt/devkitpro/libnx/lib/libnx.a(sessionmgr.o)
                0x000000000000bb40                sessionmgrCreate
 *fill*         0x000000000000bcc4        0xc 
 .text.sessionmgrClose
                0x000000000000bcd0       0x84 /opt/devkitpro/libnx/lib/libnx.a(sessionmgr.o)
                0x000000000000bcd0                sessionmgrClose
 *fill*         0x000000000000bd54        0xc 
 .text.sessionmgrAttachClient
                0x000000000000bd60       0xa8 /opt/devkitpro/libnx/lib/libnx.a(sessionmgr.o)
                0x000000000000bd60                sessionmgrAttachClient
 *fill*         0x000000000000be08        0x8 
 .text.sessionmgrDetachClient
                0x000000000000be10       0x60 /opt/devkitpro/libnx/lib/libnx.a(sessionmgr.o)
                0x000000000000be10                sessionmgrDetachClient
 .text._apmCleanup
                0x000000000000be70       0xd4 /opt/devkitpro/libnx/lib/libnx.a(apm.o)
 *fill*         0x000000000000bf44        0xc 
 .text.apmInitialize
                0x000000000000bf50      0x194 /opt/devkitpro/libnx/lib/libnx.a(apm.o)
                0x000000000000bf50                apmInitialize
 *fill*         0x000000000000c0e4        0xc 
 .text.apmExit  0x000000000000c0f0       0x48 /opt/devkitpro/libnx/lib/libnx.a(apm.o)
                0x000000000000c0f0                apmExit
 *fill*         0x000000000000c138        0x8 
 .text.apmSetPerformanceConfiguration
                0x000000000000c140       0xc8 /opt/devkitpro/libnx/lib/libnx.a(apm.o)
                0x000000000000c140                apmSetPerformanceConfiguration
 *fill*         0x000000000000c208        0x8 
 .text._hidCleanup
                0x000000000000c210      0x12c /opt/devkitpro/libnx/lib/libnx.a(hid.o)
 *fill*         0x000000000000c33c        0x4 
 .text._hidCmdInAruidNoOut
                0x000000000000c340       0xd4 /opt/devkitpro/libnx/lib/libnx.a(hid.o)
 *fill*         0x000000000000c414        0xc 
 .text._hidCmdInU32AruidNoOut
                0x000000000000c420       0xe0 /opt/devkitpro/libnx/lib/libnx.a(hid.o)
 .text._hidGetStates
                0x000000000000c500      0x194 /opt/devkitpro/libnx/lib/libnx.a(hid.o)
 *fill*         0x000000000000c694        0xc 
 .text.hidInitialize
                0x000000000000c6a0      0x26c /opt/devkitpro/libnx/lib/libnx.a(hid.o)
                0x000000000000c6a0                hidInitialize
 *fill*         0x000000000000c90c        0x4 
 .text.hidExit  0x000000000000c910       0x48 /opt/devkitpro/libnx/lib/libnx.a(hid.o)
                0x000000000000c910                hidExit
 *fill*         0x000000000000c958        0x8 
 .text.hidGetSharedmemAddr
                0x000000000000c960        0xc /opt/devkitpro/libnx/lib/libnx.a(hid.o)
                0x000000000000c960                hidGetSharedmemAddr
 *fill*         0x000000000000c96c        0x4 
 .text.hidGetNpadStyleSet
                0x000000000000c970       0x90 /opt/devkitpro/libnx/lib/libnx.a(hid.o)
                0x000000000000c970                hidGetNpadStyleSet
 .text.hidInitializeNpad
                0x000000000000ca00       0x84 /opt/devkitpro/libnx/lib/libnx.a(hid.o)
                0x000000000000ca00                hidInitializeNpad
 *fill*         0x000000000000ca84        0xc 
 .text.hidGetNpadStatesFullKey
                0x000000000000ca90       0xa4 /opt/devkitpro/libnx/lib/libnx.a(hid.o)
                0x000000000000ca90                hidGetNpadStatesFullKey
 *fill*         0x000000000000cb34        0xc 
 .text.hidGetNpadStatesHandheld
                0x000000000000cb40       0xa4 /opt/devkitpro/libnx/lib/libnx.a(hid.o)
                0x000000000000cb40                hidGetNpadStatesHandheld
 *fill*         0x000000000000cbe4        0xc 
 .text.hidGetNpadStatesJoyDual
                0x000000000000cbf0       0xa4 /opt/devkitpro/libnx/lib/libnx.a(hid.o)
                0x000000000000cbf0                hidGetNpadStatesJoyDual
 *fill*         0x000000000000cc94        0xc 
 .text.hidGetNpadStatesJoyLeft
                0x000000000000cca0       0xa4 /opt/devkitpro/libnx/lib/libnx.a(hid.o)
                0x000000000000cca0                hidGetNpadStatesJoyLeft
 *fill*         0x000000000000cd44        0xc 
 .text.hidGetNpadStatesJoyRight
                0x000000000000cd50       0xa4 /opt/devkitpro/libnx/lib/libnx.a(hid.o)
                0x000000000000cd50                hidGetNpadStatesJoyRight
 *fill*         0x000000000000cdf4        0xc 
 .text.hidGetNpadStatesGc
                0x000000000000ce00      0x144 /opt/devkitpro/libnx/lib/libnx.a(hid.o)
                0x000000000000ce00                hidGetNpadStatesGc
 *fill*         0x000000000000cf44        0xc 
 .text.hidGetNpadStatesSystemExt
                0x000000000000cf50       0xa8 /opt/devkitpro/libnx/lib/libnx.a(hid.o)
                0x000000000000cf50                hidGetNpadStatesSystemExt
 *fill*         0x000000000000cff8        0x8 
 .text.hidSetSupportedNpadStyleSet
                0x000000000000d000        0x8 /opt/devkitpro/libnx/lib/libnx.a(hid.o)
                0x000000000000d000                hidSetSupportedNpadStyleSet
 *fill*         0x000000000000d008        0x8 
 .text.hidSetSupportedNpadIdType
                0x000000000000d010      0x100 /opt/devkitpro/libnx/lib/libnx.a(hid.o)
                0x000000000000d010                hidSetSupportedNpadIdType
 .text._usbDsRegisterInterface
                0x000000000000d110      0x1f4 /opt/devkitpro/libnx/lib/libnx.a(usbds.o)
 *fill*         0x000000000000d304        0xc 
 .text._usbDsAddUsbStringDescriptorRaw
                0x000000000000d310      0x178 /opt/devkitpro/libnx/lib/libnx.a(usbds.o)
 *fill*         0x000000000000d488        0x8 
 .text._usbDsPostBuffer
                0x000000000000d490      0x110 /opt/devkitpro/libnx/lib/libnx.a(usbds.o)
 .text._usbDsCmdSendBufNoOut.constprop.0
                0x000000000000d5a0       0xf4 /opt/devkitpro/libnx/lib/libnx.a(usbds.o)
 *fill*         0x000000000000d694        0xc 
 .text._usbDsCmdNoInOutU32.constprop.0
                0x000000000000d6a0       0xe4 /opt/devkitpro/libnx/lib/libnx.a(usbds.o)
 *fill*         0x000000000000d784        0xc 
 .text._usbDsBindDevice.constprop.0
                0x000000000000d790      0x290 /opt/devkitpro/libnx/lib/libnx.a(usbds.o)
 .text._usbDsGetEvent.constprop.0
                0x000000000000da20       0xf4 /opt/devkitpro/libnx/lib/libnx.a(usbds.o)
 *fill*         0x000000000000db14        0xc 
 .text._usbDsGetReport.isra.0
                0x000000000000db20       0xf4 /opt/devkitpro/libnx/lib/libnx.a(usbds.o)
 *fill*         0x000000000000dc14        0xc 
 .text._usbDsCmdNoIO.isra.0
                0x000000000000dc20       0xc0 /opt/devkitpro/libnx/lib/libnx.a(usbds.o)
 .text._usbDsAllocateEndpoint.isra.0
                0x000000000000dce0       0x6c /opt/devkitpro/libnx/lib/libnx.a(usbds.o)
 *fill*         0x000000000000dd4c        0x4 
 .text.usbDsGetState
                0x000000000000dd50       0x34 /opt/devkitpro/libnx/lib/libnx.a(usbds.o)
                0x000000000000dd50                usbDsGetState
 *fill*         0x000000000000dd84        0xc 
 .text.usbDsWaitReady
                0x000000000000dd90      0x13c /opt/devkitpro/libnx/lib/libnx.a(usbds.o)
                0x000000000000dd90                usbDsWaitReady
 *fill*         0x000000000000decc        0x4 
 .text.usbDsParseReportData
                0x000000000000ded0       0xa0 /opt/devkitpro/libnx/lib/libnx.a(usbds.o)
                0x000000000000ded0                usbDsParseReportData
 .text.usbDsClearDeviceData
                0x000000000000df70       0x50 /opt/devkitpro/libnx/lib/libnx.a(usbds.o)
                0x000000000000df70                usbDsClearDeviceData
 .text.usbDsAddUsbStringDescriptor
                0x000000000000dfc0       0x70 /opt/devkitpro/libnx/lib/libnx.a(usbds.o)
                0x000000000000dfc0                usbDsAddUsbStringDescriptor
 .text.usbDsAddUsbLanguageStringDescriptor
                0x000000000000e030       0x78 /opt/devkitpro/libnx/lib/libnx.a(usbds.o)
                0x000000000000e030                usbDsAddUsbLanguageStringDescriptor
 *fill*         0x000000000000e0a8        0x8 
 .text.usbDsSetUsbDeviceDescriptor
                0x000000000000e0b0      0x16c /opt/devkitpro/libnx/lib/libnx.a(usbds.o)
                0x000000000000e0b0                usbDsSetUsbDeviceDescriptor
 *fill*         0x000000000000e21c        0x4 
 .text.usbDsSetBinaryObjectStore
                0x000000000000e220       0x5c /opt/devkitpro/libnx/lib/libnx.a(usbds.o)
                0x000000000000e220                usbDsSetBinaryObjectStore
 *fill*         0x000000000000e27c        0x4 
 .text.usbDsEnable
                0x000000000000e280       0x50 /opt/devkitpro/libnx/lib/libnx.a(usbds.o)
                0x000000000000e280                usbDsEnable
 .text.usbDsDisable
                0x000000000000e2d0       0x50 /opt/devkitpro/libnx/lib/libnx.a(usbds.o)
                0x000000000000e2d0                usbDsDisable
 .text.usbDsInterface_EnableInterface
                0x000000000000e320       0x5c /opt/devkitpro/libnx/lib/libnx.a(usbds.o)
                0x000000000000e320                usbDsInterface_EnableInterface
 *fill*         0x000000000000e37c        0x4 
 .text.usbDsInterface_DisableInterface
                0x000000000000e380       0x5c /opt/devkitpro/libnx/lib/libnx.a(usbds.o)
                0x000000000000e380                usbDsInterface_DisableInterface
 *fill*         0x000000000000e3dc        0x4 
 .text.usbDsInterface_AppendConfigurationData
                0x000000000000e3e0      0x234 /opt/devkitpro/libnx/lib/libnx.a(usbds.o)
                0x000000000000e3e0                usbDsInterface_AppendConfigurationData
 *fill*         0x000000000000e614        0xc 
 .text.usbDsEndpoint_PostBufferAsync
                0x000000000000e620       0x1c /opt/devkitpro/libnx/lib/libnx.a(usbds.o)
                0x000000000000e620                usbDsEndpoint_PostBufferAsync
 *fill*         0x000000000000e63c        0x4 
 .text.usbDsEndpoint_Cancel
                0x000000000000e640       0x20 /opt/devkitpro/libnx/lib/libnx.a(usbds.o)
                0x000000000000e640                usbDsEndpoint_Cancel
 .text._usbDsFreeEndpoint.part.0
                0x000000000000e660       0xa8 /opt/devkitpro/libnx/lib/libnx.a(usbds.o)
 *fill*         0x000000000000e708        0x8 
 .text._usbDsFreeInterface.part.0
                0x000000000000e710      0x104 /opt/devkitpro/libnx/lib/libnx.a(usbds.o)
 *fill*         0x000000000000e814        0xc 
 .text._usbDsCleanup
                0x000000000000e820      0x190 /opt/devkitpro/libnx/lib/libnx.a(usbds.o)
 .text.usbDsExit
                0x000000000000e9b0       0x48 /opt/devkitpro/libnx/lib/libnx.a(usbds.o)
                0x000000000000e9b0                usbDsExit
 *fill*         0x000000000000e9f8        0x8 
 .text.usbDsInitialize
                0x000000000000ea00      0x454 /opt/devkitpro/libnx/lib/libnx.a(usbds.o)
                0x000000000000ea00                usbDsInitialize
 *fill*         0x000000000000ee54        0xc 
 .text.usbDsGetDsInterface
                0x000000000000ee60      0x3b4 /opt/devkitpro/libnx/lib/libnx.a(usbds.o)
                0x000000000000ee60                usbDsGetDsInterface
 *fill*         0x000000000000f214        0xc 
 .text.usbDsRegisterInterface
                0x000000000000f220      0x228 /opt/devkitpro/libnx/lib/libnx.a(usbds.o)
                0x000000000000f220                usbDsRegisterInterface
 *fill*         0x000000000000f448        0x8 
 .text.usbDsInterface_GetDsEndpoint
                0x000000000000f450      0x204 /opt/devkitpro/libnx/lib/libnx.a(usbds.o)
                0x000000000000f450                usbDsInterface_GetDsEndpoint
 *fill*         0x000000000000f654        0xc 
 .text.usbDsInterface_RegisterEndpoint
                0x000000000000f660      0x1e4 /opt/devkitpro/libnx/lib/libnx.a(usbds.o)
                0x000000000000f660                usbDsInterface_RegisterEndpoint
 *fill*         0x000000000000f844        0xc 
 .text.usbDsEndpoint_GetReportData
                0x000000000000f850       0x24 /opt/devkitpro/libnx/lib/libnx.a(usbds.o)
                0x000000000000f850                usbDsEndpoint_GetReportData
 *fill*         0x000000000000f874        0xc 
 .text.framebufferMakeLinear
                0x000000000000f880       0x8c /opt/devkitpro/libnx/lib/libnx.a(framebuffer.o)
                0x000000000000f880                framebufferMakeLinear
 *fill*         0x000000000000f90c        0x4 
 .text.framebufferClose
                0x000000000000f910       0x84 /opt/devkitpro/libnx/lib/libnx.a(framebuffer.o)
                0x000000000000f910                framebufferClose
 *fill*         0x000000000000f994        0xc 
 .text.framebufferCreate
                0x000000000000f9a0      0x290 /opt/devkitpro/libnx/lib/libnx.a(framebuffer.o)
                0x000000000000f9a0                framebufferCreate
 .text.framebufferBegin
                0x000000000000fc30       0x7c /opt/devkitpro/libnx/lib/libnx.a(framebuffer.o)
                0x000000000000fc30                framebufferBegin
 *fill*         0x000000000000fcac        0x4 
 .text.framebufferEnd
                0x000000000000fcb0      0x190 /opt/devkitpro/libnx/lib/libnx.a(framebuffer.o)
                0x000000000000fcb0                framebufferEnd
 .text.nwindowGetDefault
                0x000000000000fe40        0xc /opt/devkitpro/libnx/lib/libnx.a(default_window.o)
                0x000000000000fe40                nwindowGetDefault
 *fill*         0x000000000000fe4c        0x4 
 .text.__nx_win_init
                0x000000000000fe50       0xa4 /opt/devkitpro/libnx/lib/libnx.a(default_window.o)
                0x000000000000fe50                __nx_win_init
 *fill*         0x000000000000fef4        0xc 
 .text.__nx_win_exit
                0x000000000000ff00       0x34 /opt/devkitpro/libnx/lib/libnx.a(default_window.o)
                0x000000000000ff00                __nx_win_exit
 *fill*         0x000000000000ff34        0xc 
 .text.nwindowIsValid
                0x000000000000ff40       0x24 /opt/devkitpro/libnx/lib/libnx.a(native_window.o)
                0x000000000000ff40                nwindowIsValid
 *fill*         0x000000000000ff64        0xc 
 .text.nwindowClose
                0x000000000000ff70       0x7c /opt/devkitpro/libnx/lib/libnx.a(native_window.o)
                0x000000000000ff70                nwindowClose
 *fill*         0x000000000000ffec        0x4 
 .text.nwindowCreate
                0x000000000000fff0       0xf8 /opt/devkitpro/libnx/lib/libnx.a(native_window.o)
                0x000000000000fff0                nwindowCreate
 *fill*         0x00000000000100e8        0x8 
 .text.nwindowCreateFromLayer
                0x00000000000100f0       0x38 /opt/devkitpro/libnx/lib/libnx.a(native_window.o)
                0x00000000000100f0                nwindowCreateFromLayer
 *fill*         0x0000000000010128        0x8 
 .text.nwindowSetDimensions
                0x0000000000010130       0x84 /opt/devkitpro/libnx/lib/libnx.a(native_window.o)
                0x0000000000010130                nwindowSetDimensions
 *fill*         0x00000000000101b4        0xc 
 .text.nwindowConfigureBuffer
                0x00000000000101c0      0x180 /opt/devkitpro/libnx/lib/libnx.a(native_window.o)
                0x00000000000101c0                nwindowConfigureBuffer
 .text.nwindowDequeueBuffer
                0x0000000000010340      0x1cc /opt/devkitpro/libnx/lib/libnx.a(native_window.o)
                0x0000000000010340                nwindowDequeueBuffer
 *fill*         0x000000000001050c        0x4 
 .text.nwindowQueueBuffer
                0x0000000000010510      0x12c /opt/devkitpro/libnx/lib/libnx.a(native_window.o)
                0x0000000000010510                nwindowQueueBuffer
 *fill*         0x000000000001063c        0x4 
 .text.nwindowReleaseBuffers
                0x0000000000010640       0xbc /opt/devkitpro/libnx/lib/libnx.a(native_window.o)
                0x0000000000010640                nwindowReleaseBuffers
 *fill*         0x00000000000106fc        0x4 
 .text.__nx_dynamic
                0x0000000000010700      0x1fc /opt/devkitpro/libnx/lib/libnx.a(dynamic.o)
                0x0000000000010700                __nx_dynamic
 *fill*         0x00000000000108fc        0x4 
 .text.__libnx_initheap
                0x0000000000010900       0xd0 /opt/devkitpro/libnx/lib/libnx.a(init.o)
                0x0000000000010900                __libnx_initheap
 .text.__appInit
                0x00000000000109d0       0xec /opt/devkitpro/libnx/lib/libnx.a(init.o)
                0x00000000000109d0                __appInit
 *fill*         0x0000000000010abc        0x4 
 .text.__appExit
                0x0000000000010ac0       0x44 /opt/devkitpro/libnx/lib/libnx.a(init.o)
                0x0000000000010ac0                __appExit
 *fill*         0x0000000000010b04        0xc 
 .text.__libnx_init
                0x0000000000010b10       0x2c /opt/devkitpro/libnx/lib/libnx.a(init.o)
                0x0000000000010b10                __libnx_init
 *fill*         0x0000000000010b3c        0x4 
 .text.__libnx_exit
                0x0000000000010b40       0x1c /opt/devkitpro/libnx/lib/libnx.a(init.o)
                0x0000000000010b40                __libnx_exit
 *fill*         0x0000000000010b5c        0x4 
 .text.__libnx_alloc
                0x0000000000010b60        0x4 /opt/devkitpro/libnx/lib/libnx.a(alloc.o)
                0x0000000000010b60                __libnx_alloc
 *fill*         0x0000000000010b64        0xc 
 .text.__libnx_aligned_alloc
                0x0000000000010b70       0x14 /opt/devkitpro/libnx/lib/libnx.a(alloc.o)
                0x0000000000010b70                __libnx_aligned_alloc
 *fill*         0x0000000000010b84        0xc 
 .text.__libnx_free
                0x0000000000010b90        0x4 /opt/devkitpro/libnx/lib/libnx.a(alloc.o)
                0x0000000000010b90                __libnx_free
 *fill*         0x0000000000010b94        0xc 
 .text.__syscall_exit
                0x0000000000010ba0       0x1c /opt/devkitpro/libnx/lib/libnx.a(newlib.o)
                0x0000000000010ba0                __syscall_exit
 *fill*         0x0000000000010bbc        0x4 
 .text.__syscall_getreent
                0x0000000000010bc0       0x34 /opt/devkitpro/libnx/lib/libnx.a(newlib.o)
                0x0000000000010bc0                __syscall_getreent
 *fill*         0x0000000000010bf4        0xc 
 .text.__syscall_lock_acquire
                0x0000000000010c00        0x4 /opt/devkitpro/libnx/lib/libnx.a(newlib.o)
                0x0000000000010c00                __syscall_lock_acquire
 *fill*         0x0000000000010c04        0xc 
 .text.__syscall_lock_release
                0x0000000000010c10        0x4 /opt/devkitpro/libnx/lib/libnx.a(newlib.o)
                0x0000000000010c10                __syscall_lock_release
 *fill*         0x0000000000010c14        0xc 
 .text.__syscall_lock_acquire_recursive
                0x0000000000010c20        0x4 /opt/devkitpro/libnx/lib/libnx.a(newlib.o)
                0x0000000000010c20                __syscall_lock_acquire_recursive
 *fill*         0x0000000000010c24        0xc 
 .text.__syscall_lock_release_recursive
                0x0000000000010c30        0x4 /opt/devkitpro/libnx/lib/libnx.a(newlib.o)
                0x0000000000010c30                __syscall_lock_release_recursive
 *fill*         0x0000000000010c34        0xc 
 .text.__syscall_cond_broadcast
                0x0000000000010c40       0x1c /opt/devkitpro/libnx/lib/libnx.a(newlib.o)
                0x0000000000010c40                __syscall_cond_broadcast
 *fill*         0x0000000000010c5c        0x4 
 .text.__syscall_cond_wait
                0x0000000000010c60       0x3c /opt/devkitpro/libnx/lib/libnx.a(newlib.o)
                0x0000000000010c60                __syscall_cond_wait
 *fill*         0x0000000000010c9c        0x4 
 .text.__syscall_tls_create
                0x0000000000010ca0       0x40 /opt/devkitpro/libnx/lib/libnx.a(newlib.o)
                0x0000000000010ca0                __syscall_tls_create
 .text.__syscall_tls_set
                0x0000000000010ce0       0x18 /opt/devkitpro/libnx/lib/libnx.a(newlib.o)
                0x0000000000010ce0                __syscall_tls_set
 *fill*         0x0000000000010cf8        0x8 
 .text.__syscall_tls_get
                0x0000000000010d00        0x4 /opt/devkitpro/libnx/lib/libnx.a(newlib.o)
                0x0000000000010d00                __syscall_tls_get
 *fill*         0x0000000000010d04        0xc 
 .text.__syscall_tls_delete
                0x0000000000010d10       0x18 /opt/devkitpro/libnx/lib/libnx.a(newlib.o)
                0x0000000000010d10                __syscall_tls_delete
 *fill*         0x0000000000010d28        0x8 
 .text.__libnx_init_time
                0x0000000000010d30      0x25c /opt/devkitpro/libnx/lib/libnx.a(newlib.o)
                0x0000000000010d30                __libnx_init_time
 *fill*         0x0000000000010f8c        0x4 
 .text.newlibSetup
                0x0000000000010f90       0x98 /opt/devkitpro/libnx/lib/libnx.a(newlib.o)
                0x0000000000010f90                newlibSetup
 *fill*         0x0000000000011028        0x8 
 .text.argvSetup
                0x0000000000011030      0x314 /opt/devkitpro/libnx/lib/libnx.a(argv.o)
                0x0000000000011030                argvSetup
 *fill*         0x0000000000011344        0xc 
 .text.fsdev_link
                0x0000000000011350       0x10 /opt/devkitpro/libnx/lib/libnx.a(fs_dev.o)
 .text.fsdev_dirreset
                0x0000000000011360       0x10 /opt/devkitpro/libnx/lib/libnx.a(fs_dev.o)
 .text.fsdev_chmod
                0x0000000000011370       0x10 /opt/devkitpro/libnx/lib/libnx.a(fs_dev.o)
 .text.error_cmp
                0x0000000000011380       0x18 /opt/devkitpro/libnx/lib/libnx.a(fs_dev.o)
 *fill*         0x0000000000011398        0x8 
 .text.fsdev_dirclose
                0x00000000000113a0       0x20 /opt/devkitpro/libnx/lib/libnx.a(fs_dev.o)
 .text.fsdev_close
                0x00000000000113c0       0x1c /opt/devkitpro/libnx/lib/libnx.a(fs_dev.o)
 *fill*         0x00000000000113dc        0x4 
 .text.fsdev_converttimetoutc
                0x00000000000113e0       0x74 /opt/devkitpro/libnx/lib/libnx.a(fs_dev.o)
 *fill*         0x0000000000011454        0xc 
 .text.fsdevFindDevice.part.0
                0x0000000000011460       0xd4 /opt/devkitpro/libnx/lib/libnx.a(fs_dev.o)
 *fill*         0x0000000000011534        0xc 
 .text.fsdev_fixpath
                0x0000000000011540      0x1cc /opt/devkitpro/libnx/lib/libnx.a(fs_dev.o)
 *fill*         0x000000000001170c        0x4 
 .text._fsdevUnmountDeviceStruct.part.0
                0x0000000000011710       0x9c /opt/devkitpro/libnx/lib/libnx.a(fs_dev.o)
 *fill*         0x00000000000117ac        0x4 
 .text.fsdev_fchmod
                0x00000000000117b0       0x10 /opt/devkitpro/libnx/lib/libnx.a(fs_dev.o)
 .text.fsdev_diropen
                0x00000000000117c0      0x100 /opt/devkitpro/libnx/lib/libnx.a(fs_dev.o)
 .text.fsdev_statvfs
                0x00000000000118c0       0xf8 /opt/devkitpro/libnx/lib/libnx.a(fs_dev.o)
 *fill*         0x00000000000119b8        0x8 
 .text.fsdev_fsync
                0x00000000000119c0       0x7c /opt/devkitpro/libnx/lib/libnx.a(fs_dev.o)
 *fill*         0x0000000000011a3c        0x4 
 .text.fsdev_fstat
                0x0000000000011a40       0xec /opt/devkitpro/libnx/lib/libnx.a(fs_dev.o)
 *fill*         0x0000000000011b2c        0x4 
 .text.fsdev_ftruncate
                0x0000000000011b30       0x94 /opt/devkitpro/libnx/lib/libnx.a(fs_dev.o)
 *fill*         0x0000000000011bc4        0xc 
 .text.fsdev_stat
                0x0000000000011bd0      0x1d8 /opt/devkitpro/libnx/lib/libnx.a(fs_dev.o)
 *fill*         0x0000000000011da8        0x8 
 .text.fsdev_rename
                0x0000000000011db0      0x14c /opt/devkitpro/libnx/lib/libnx.a(fs_dev.o)
 *fill*         0x0000000000011efc        0x4 
 .text.fsdev_chdir
                0x0000000000011f00      0x13c /opt/devkitpro/libnx/lib/libnx.a(fs_dev.o)
 *fill*         0x000000000001203c        0x4 
 .text.fsdev_rmdir
                0x0000000000012040       0xa4 /opt/devkitpro/libnx/lib/libnx.a(fs_dev.o)
 *fill*         0x00000000000120e4        0xc 
 .text.fsdev_mkdir
                0x00000000000120f0       0xa4 /opt/devkitpro/libnx/lib/libnx.a(fs_dev.o)
 *fill*         0x0000000000012194        0xc 
 .text.fsdev_unlink
                0x00000000000121a0       0xa4 /opt/devkitpro/libnx/lib/libnx.a(fs_dev.o)
 *fill*         0x0000000000012244        0xc 
 .text.fsdev_write_safe
                0x0000000000012250      0x13c /opt/devkitpro/libnx/lib/libnx.a(fs_dev.o)
 *fill*         0x000000000001238c        0x4 
 .text.fsdev_read_safe
                0x0000000000012390      0x134 /opt/devkitpro/libnx/lib/libnx.a(fs_dev.o)
 *fill*         0x00000000000124c4        0xc 
 .text.fsdev_read
                0x00000000000124d0      0x100 /opt/devkitpro/libnx/lib/libnx.a(fs_dev.o)
 .text.fsdev_dirnext
                0x00000000000125d0      0x1d4 /opt/devkitpro/libnx/lib/libnx.a(fs_dev.o)
 *fill*         0x00000000000127a4        0xc 
 .text.fsdev_write
                0x00000000000127b0      0x124 /opt/devkitpro/libnx/lib/libnx.a(fs_dev.o)
 *fill*         0x00000000000128d4        0xc 
 .text.fsdev_seek
                0x00000000000128e0      0x110 /opt/devkitpro/libnx/lib/libnx.a(fs_dev.o)
 .text.fsdev_open
                0x00000000000129f0      0x230 /opt/devkitpro/libnx/lib/libnx.a(fs_dev.o)
 .text.fsdevMountDevice
                0x0000000000012c20      0x324 /opt/devkitpro/libnx/lib/libnx.a(fs_dev.o)
                0x0000000000012c20                fsdevMountDevice
 *fill*         0x0000000000012f44        0xc 
 .text.fsdevMountSdmc
                0x0000000000012f50       0x40 /opt/devkitpro/libnx/lib/libnx.a(fs_dev.o)
                0x0000000000012f50                fsdevMountSdmc
 .text.__libnx_init_cwd
                0x0000000000012f90       0xbc /opt/devkitpro/libnx/lib/libnx.a(fs_dev.o)
                0x0000000000012f90                __libnx_init_cwd
 *fill*         0x000000000001304c        0x4 
 .text.fsdevUnmountAll
                0x0000000000013050       0x64 /opt/devkitpro/libnx/lib/libnx.a(fs_dev.o)
                0x0000000000013050                fsdevUnmountAll
 *fill*         0x00000000000130b4        0xc 
 .text.decode_utf8
                0x00000000000130c0      0x128 /opt/devkitpro/libnx/lib/libnx.a(decode_utf8.o)
                0x00000000000130c0                decode_utf8
 *fill*         0x00000000000131e8        0x8 
 .text.utf8_to_utf16
                0x00000000000131f0      0x104 /opt/devkitpro/libnx/lib/libnx.a(utf8_to_utf16.o)
                0x00000000000131f0                utf8_to_utf16
 .text.armDCacheFlush
                0x00000000000132f4       0x4c /opt/devkitpro/libnx/lib/libnx.a(cache.o)
                0x00000000000132f4                armDCacheFlush
 .text.__libnx_exception_entry
                0x0000000000013340      0x1c0 /opt/devkitpro/libnx/lib/libnx.a(exception.o)
                0x0000000000013340                __libnx_exception_entry
 .text.__libnx_exception_returnentry
                0x0000000000013500       0x18 /opt/devkitpro/libnx/lib/libnx.a(exception.o)
                0x0000000000013500                __libnx_exception_returnentry
 *fill*         0x0000000000013518        0x8 
 .text.shmemLoadRemote
                0x0000000000013520       0x14 /opt/devkitpro/libnx/lib/libnx.a(shmem.o)
                0x0000000000013520                shmemLoadRemote
 *fill*         0x0000000000013534        0xc 
 .text.shmemMap
                0x0000000000013540       0x70 /opt/devkitpro/libnx/lib/libnx.a(shmem.o)
                0x0000000000013540                shmemMap
 .text.shmemUnmap
                0x00000000000135b0       0x34 /opt/devkitpro/libnx/lib/libnx.a(shmem.o)
                0x00000000000135b0                shmemUnmap
 *fill*         0x00000000000135e4        0xc 
 .text.shmemClose
                0x00000000000135f0       0x4c /opt/devkitpro/libnx/lib/libnx.a(shmem.o)
                0x00000000000135f0                shmemClose
 *fill*         0x000000000001363c        0x4 
 .text.__libnx_init_thread
                0x0000000000013640       0xb0 /opt/devkitpro/libnx/lib/libnx.a(thread.o)
                0x0000000000013640                __libnx_init_thread
 .text.threadTlsGet
                0x00000000000136f0       0x10 /opt/devkitpro/libnx/lib/libnx.a(thread.o)
                0x00000000000136f0                threadTlsGet
 .text.threadTlsSet
                0x0000000000013700       0x10 /opt/devkitpro/libnx/lib/libnx.a(thread.o)
                0x0000000000013700                threadTlsSet
 .text.threadTlsAlloc
                0x0000000000013710       0xd8 /opt/devkitpro/libnx/lib/libnx.a(thread.o)
                0x0000000000013710                threadTlsAlloc
 *fill*         0x00000000000137e8        0x8 
 .text.threadTlsFree
                0x00000000000137f0       0x44 /opt/devkitpro/libnx/lib/libnx.a(thread.o)
                0x00000000000137f0                threadTlsFree
 *fill*         0x0000000000013834        0xc 
 .text._viCleanup
                0x0000000000013840      0x230 /opt/devkitpro/libnx/lib/libnx.a(vi.o)
 .text._viCmdGetSessionNoParams.constprop.0
                0x0000000000013a70      0x100 /opt/devkitpro/libnx/lib/libnx.a(vi.o)
 .text.viInitialize
                0x0000000000013b70      0x368 /opt/devkitpro/libnx/lib/libnx.a(vi.o)
                0x0000000000013b70                viInitialize
 *fill*         0x0000000000013ed8        0x8 
 .text.viExit   0x0000000000013ee0       0x48 /opt/devkitpro/libnx/lib/libnx.a(vi.o)
                0x0000000000013ee0                viExit
 *fill*         0x0000000000013f28        0x8 
 .text.viGetSession_IHOSBinderDriverRelay
                0x0000000000013f30        0xc /opt/devkitpro/libnx/lib/libnx.a(vi.o)
                0x0000000000013f30                viGetSession_IHOSBinderDriverRelay
 *fill*         0x0000000000013f3c        0x4 
 .text.viOpenDisplay
                0x0000000000013f40      0x10c /opt/devkitpro/libnx/lib/libnx.a(vi.o)
                0x0000000000013f40                viOpenDisplay
 *fill*         0x000000000001404c        0x4 
 .text.viCloseDisplay
                0x0000000000014050       0xec /opt/devkitpro/libnx/lib/libnx.a(vi.o)
                0x0000000000014050                viCloseDisplay
 *fill*         0x000000000001413c        0x4 
 .text.viCloseLayer
                0x0000000000014140       0xf4 /opt/devkitpro/libnx/lib/libnx.a(vi.o)
                0x0000000000014140                viCloseLayer
 *fill*         0x0000000000014234        0xc 
 .text.viCreateLayer
                0x0000000000014240      0x394 /opt/devkitpro/libnx/lib/libnx.a(vi.o)
                0x0000000000014240                viCreateLayer
 *fill*         0x00000000000145d4        0xc 
 .text.viSetLayerScalingMode
                0x00000000000145e0       0xd8 /opt/devkitpro/libnx/lib/libnx.a(vi.o)
                0x00000000000145e0                viSetLayerScalingMode
 *fill*         0x00000000000146b8        0x8 
 .text._setsysGetFirmwareVersionImpl
                0x00000000000146c0       0xd0 /opt/devkitpro/libnx/lib/libnx.a(set.o)
 .text._setsysCleanup
                0x0000000000014790       0x78 /opt/devkitpro/libnx/lib/libnx.a(set.o)
 *fill*         0x0000000000014808        0x8 
 .text.setsysInitialize
                0x0000000000014810       0xa0 /opt/devkitpro/libnx/lib/libnx.a(set.o)
                0x0000000000014810                setsysInitialize
 .text.setsysExit
                0x00000000000148b0       0x48 /opt/devkitpro/libnx/lib/libnx.a(set.o)
                0x00000000000148b0                setsysExit
 *fill*         0x00000000000148f8        0x8 
 .text.setsysGetFirmwareVersion
                0x0000000000014900       0x48 /opt/devkitpro/libnx/lib/libnx.a(set.o)
                0x0000000000014900                setsysGetFirmwareVersion
 *fill*         0x0000000000014948        0x8 
 .text._nvCleanup
                0x0000000000014950       0xd0 /opt/devkitpro/libnx/lib/libnx.a(nv.o)
 .text._nvCmdInitialize.constprop.0
                0x0000000000014a20       0xd4 /opt/devkitpro/libnx/lib/libnx.a(nv.o)
 *fill*         0x0000000000014af4        0xc 
 .text.__nx_nv_create_tmem
                0x0000000000014b00       0x18 /opt/devkitpro/libnx/lib/libnx.a(nv.o)
                0x0000000000014b00                __nx_nv_create_tmem
 *fill*         0x0000000000014b18        0x8 
 .text.nvInitialize
                0x0000000000014b20      0x3a8 /opt/devkitpro/libnx/lib/libnx.a(nv.o)
                0x0000000000014b20                nvInitialize
 *fill*         0x0000000000014ec8        0x8 
 .text.nvExit   0x0000000000014ed0       0x48 /opt/devkitpro/libnx/lib/libnx.a(nv.o)
                0x0000000000014ed0                nvExit
 *fill*         0x0000000000014f18        0x8 
 .text.nvConvertError
                0x0000000000014f20       0xf4 /opt/devkitpro/libnx/lib/libnx.a(nv.o)
                0x0000000000014f20                nvConvertError
 *fill*         0x0000000000015014        0xc 
 .text.nvOpen   0x0000000000015020      0x114 /opt/devkitpro/libnx/lib/libnx.a(nv.o)
                0x0000000000015020                nvOpen
 *fill*         0x0000000000015134        0xc 
 .text.nvIoctl  0x0000000000015140      0x310 /opt/devkitpro/libnx/lib/libnx.a(nv.o)
                0x0000000000015140                nvIoctl
 .text.nvClose  0x0000000000015450       0xd4 /opt/devkitpro/libnx/lib/libnx.a(nv.o)
                0x0000000000015450                nvClose
 *fill*         0x0000000000015524        0xc 
 .text.nvQueryEvent
                0x0000000000015530      0x10c /opt/devkitpro/libnx/lib/libnx.a(nv.o)
                0x0000000000015530                nvQueryEvent
 *fill*         0x000000000001563c        0x4 
 .text._timeCleanup
                0x0000000000015640      0x27c /opt/devkitpro/libnx/lib/libnx.a(time.o)
 *fill*         0x00000000000158bc        0x4 
 .text._timeCmdGetSession.constprop.0
                0x00000000000158c0      0x100 /opt/devkitpro/libnx/lib/libnx.a(time.o)
 .text._timeReadClockFromSharedMem
                0x00000000000159c0      0x104 /opt/devkitpro/libnx/lib/libnx.a(time.o)
 *fill*         0x0000000000015ac4        0xc 
 .text.timeInitialize
                0x0000000000015ad0      0x300 /opt/devkitpro/libnx/lib/libnx.a(time.o)
                0x0000000000015ad0                timeInitialize
 .text.timeExit
                0x0000000000015dd0       0x48 /opt/devkitpro/libnx/lib/libnx.a(time.o)
                0x0000000000015dd0                timeExit
 *fill*         0x0000000000015e18        0x8 
 .text.timeGetServiceSession_SystemClock
                0x0000000000015e20       0x38 /opt/devkitpro/libnx/lib/libnx.a(time.o)
                0x0000000000015e20                timeGetServiceSession_SystemClock
 *fill*         0x0000000000015e58        0x8 
 .text.timeGetCurrentTime
                0x0000000000015e60       0xfc /opt/devkitpro/libnx/lib/libnx.a(time.o)
                0x0000000000015e60                timeGetCurrentTime
 *fill*         0x0000000000015f5c        0x4 
 .text.timeToCalendarTimeWithMyRule
                0x0000000000015f60      0x108 /opt/devkitpro/libnx/lib/libnx.a(time.o)
                0x0000000000015f60                timeToCalendarTimeWithMyRule
 *fill*         0x0000000000016068        0x8 
 .text.timeToPosixTimeWithMyRule
                0x0000000000016070      0x114 /opt/devkitpro/libnx/lib/libnx.a(time.o)
                0x0000000000016070                timeToPosixTimeWithMyRule
 *fill*         0x0000000000016184        0xc 
 .text._nvFenceCleanup
                0x0000000000016190       0x74 /opt/devkitpro/libnx/lib/libnx.a(fence.o)
 *fill*         0x0000000000016204        0xc 
 .text.nvFenceInit
                0x0000000000016210       0x98 /opt/devkitpro/libnx/lib/libnx.a(fence.o)
                0x0000000000016210                nvFenceInit
 *fill*         0x00000000000162a8        0x8 
 .text.nvFenceExit
                0x00000000000162b0       0x48 /opt/devkitpro/libnx/lib/libnx.a(fence.o)
                0x00000000000162b0                nvFenceExit
 *fill*         0x00000000000162f8        0x8 
 .text.nvFenceWait
                0x0000000000016300      0x290 /opt/devkitpro/libnx/lib/libnx.a(fence.o)
                0x0000000000016300                nvFenceWait
 .text.nvMultiFenceWait
                0x0000000000016590       0x7c /opt/devkitpro/libnx/lib/libnx.a(fence.o)
                0x0000000000016590                nvMultiFenceWait
 *fill*         0x000000000001660c        0x4 
 .text.nvMapInit
                0x0000000000016610       0xac /opt/devkitpro/libnx/lib/libnx.a(map.o)
                0x0000000000016610                nvMapInit
 *fill*         0x00000000000166bc        0x4 
 .text.nvMapExit
                0x00000000000166c0       0x74 /opt/devkitpro/libnx/lib/libnx.a(map.o)
                0x00000000000166c0                nvMapExit
 *fill*         0x0000000000016734        0xc 
 .text.nvMapClose
                0x0000000000016740       0x8c /opt/devkitpro/libnx/lib/libnx.a(map.o)
                0x0000000000016740                nvMapClose
 *fill*         0x00000000000167cc        0x4 
 .text.nvMapCreate
                0x00000000000167d0      0x160 /opt/devkitpro/libnx/lib/libnx.a(map.o)
                0x00000000000167d0                nvMapCreate
 .text.nvioctlNvhostCtrl_EventSignal
                0x0000000000016930       0x24 /opt/devkitpro/libnx/lib/libnx.a(nvhost-ctrl.o)
                0x0000000000016930                nvioctlNvhostCtrl_EventSignal
 *fill*         0x0000000000016954        0xc 
 .text.nvioctlNvhostCtrl_EventWait
                0x0000000000016960       0x3c /opt/devkitpro/libnx/lib/libnx.a(nvhost-ctrl.o)
                0x0000000000016960                nvioctlNvhostCtrl_EventWait
 *fill*         0x000000000001699c        0x4 
 .text.nvioctlNvhostCtrl_EventWaitAsync
                0x00000000000169a0       0x28 /opt/devkitpro/libnx/lib/libnx.a(nvhost-ctrl.o)
                0x00000000000169a0                nvioctlNvhostCtrl_EventWaitAsync
 *fill*         0x00000000000169c8        0x8 
 .text.nvioctlNvhostCtrl_EventRegister
                0x00000000000169d0       0x24 /opt/devkitpro/libnx/lib/libnx.a(nvhost-ctrl.o)
                0x00000000000169d0                nvioctlNvhostCtrl_EventRegister
 *fill*         0x00000000000169f4        0xc 
 .text.nvioctlNvhostCtrl_EventUnregister
                0x0000000000016a00       0x24 /opt/devkitpro/libnx/lib/libnx.a(nvhost-ctrl.o)
                0x0000000000016a00                nvioctlNvhostCtrl_EventUnregister
 *fill*         0x0000000000016a24        0xc 
 .text.nvioctlNvmap_Create
                0x0000000000016a30       0x3c /opt/devkitpro/libnx/lib/libnx.a(nvmap.o)
                0x0000000000016a30                nvioctlNvmap_Create
 *fill*         0x0000000000016a6c        0x4 
 .text.nvioctlNvmap_Alloc
                0x0000000000016a70       0x30 /opt/devkitpro/libnx/lib/libnx.a(nvmap.o)
                0x0000000000016a70                nvioctlNvmap_Alloc
 .text.nvioctlNvmap_Free
                0x0000000000016aa0       0x30 /opt/devkitpro/libnx/lib/libnx.a(nvmap.o)
                0x0000000000016aa0                nvioctlNvmap_Free
 .text.nvioctlNvmap_GetId
                0x0000000000016ad0       0x3c /opt/devkitpro/libnx/lib/libnx.a(nvmap.o)
                0x0000000000016ad0                nvioctlNvmap_GetId
 *fill*         0x0000000000016b0c        0x4 
 .text.bqRequestBuffer
                0x0000000000016b10       0xc8 /opt/devkitpro/libnx/lib/libnx.a(buffer_producer.o)
                0x0000000000016b10                bqRequestBuffer
 *fill*         0x0000000000016bd8        0x8 
 .text.bqDequeueBuffer
                0x0000000000016be0      0x128 /opt/devkitpro/libnx/lib/libnx.a(buffer_producer.o)
                0x0000000000016be0                bqDequeueBuffer
 *fill*         0x0000000000016d08        0x8 
 .text.bqQueueBuffer
                0x0000000000016d10       0xc8 /opt/devkitpro/libnx/lib/libnx.a(buffer_producer.o)
                0x0000000000016d10                bqQueueBuffer
 *fill*         0x0000000000016dd8        0x8 
 .text.bqCancelBuffer
                0x0000000000016de0       0x84 /opt/devkitpro/libnx/lib/libnx.a(buffer_producer.o)
                0x0000000000016de0                bqCancelBuffer
 *fill*         0x0000000000016e64        0xc 
 .text.bqConnect
                0x0000000000016e70       0xd0 /opt/devkitpro/libnx/lib/libnx.a(buffer_producer.o)
                0x0000000000016e70                bqConnect
 .text.bqDisconnect
                0x0000000000016f40       0x88 /opt/devkitpro/libnx/lib/libnx.a(buffer_producer.o)
                0x0000000000016f40                bqDisconnect
 *fill*         0x0000000000016fc8        0x8 
 .text.bqSetPreallocatedBuffer
                0x0000000000016fd0      0x194 /opt/devkitpro/libnx/lib/libnx.a(buffer_producer.o)
                0x0000000000016fd0                bqSetPreallocatedBuffer
 *fill*         0x0000000000017164        0xc 
 .text.binderCreate
                0x0000000000017170       0x1c /opt/devkitpro/libnx/lib/libnx.a(binder.o)
                0x0000000000017170                binderCreate
 *fill*         0x000000000001718c        0x4 
 .text.binderTransactParcel
                0x0000000000017190      0x35c /opt/devkitpro/libnx/lib/libnx.a(binder.o)
                0x0000000000017190                binderTransactParcel
 *fill*         0x00000000000174ec        0x4 
 .text.binderConvertErrorCode
                0x00000000000174f0       0xe8 /opt/devkitpro/libnx/lib/libnx.a(binder.o)
                0x00000000000174f0                binderConvertErrorCode
 *fill*         0x00000000000175d8        0x8 
 .text.binderAdjustRefcount
                0x00000000000175e0      0x124 /opt/devkitpro/libnx/lib/libnx.a(binder.o)
                0x00000000000175e0                binderAdjustRefcount
 *fill*         0x0000000000017704        0xc 
 .text.binderInitSession
                0x0000000000017710       0x9c /opt/devkitpro/libnx/lib/libnx.a(binder.o)
                0x0000000000017710                binderInitSession
 *fill*         0x00000000000177ac        0x4 
 .text.binderClose
                0x00000000000177b0       0x5c /opt/devkitpro/libnx/lib/libnx.a(binder.o)
                0x00000000000177b0                binderClose
 *fill*         0x000000000001780c        0x4 
 .text.binderGetNativeHandle
                0x0000000000017810      0x154 /opt/devkitpro/libnx/lib/libnx.a(binder.o)
                0x0000000000017810                binderGetNativeHandle
 *fill*         0x0000000000017964        0xc 
 .text.parcelCreate
                0x0000000000017970       0x30 /opt/devkitpro/libnx/lib/libnx.a(parcel.o)
                0x0000000000017970                parcelCreate
 .text.parcelTransact
                0x00000000000179a0      0x174 /opt/devkitpro/libnx/lib/libnx.a(parcel.o)
                0x00000000000179a0                parcelTransact
 *fill*         0x0000000000017b14        0xc 
 .text.parcelWriteData
                0x0000000000017b20       0x80 /opt/devkitpro/libnx/lib/libnx.a(parcel.o)
                0x0000000000017b20                parcelWriteData
 .text.parcelReadData
                0x0000000000017ba0       0x88 /opt/devkitpro/libnx/lib/libnx.a(parcel.o)
                0x0000000000017ba0                parcelReadData
 *fill*         0x0000000000017c28        0x8 
 .text.parcelWriteInt32
                0x0000000000017c30       0x20 /opt/devkitpro/libnx/lib/libnx.a(parcel.o)
                0x0000000000017c30                parcelWriteInt32
 .text.parcelWriteUInt32
                0x0000000000017c50       0x20 /opt/devkitpro/libnx/lib/libnx.a(parcel.o)
                0x0000000000017c50                parcelWriteUInt32
 .text.parcelWriteString16
                0x0000000000017c70       0x7c /opt/devkitpro/libnx/lib/libnx.a(parcel.o)
                0x0000000000017c70                parcelWriteString16
 *fill*         0x0000000000017cec        0x4 
 .text.parcelWriteInterfaceToken
                0x0000000000017cf0       0x30 /opt/devkitpro/libnx/lib/libnx.a(parcel.o)
                0x0000000000017cf0                parcelWriteInterfaceToken
 .text.parcelReadInt32
                0x0000000000017d20       0x24 /opt/devkitpro/libnx/lib/libnx.a(parcel.o)
                0x0000000000017d20                parcelReadInt32
 *fill*         0x0000000000017d44        0xc 
 .text.parcelReadFlattenedObject
                0x0000000000017d50       0x68 /opt/devkitpro/libnx/lib/libnx.a(parcel.o)
                0x0000000000017d50                parcelReadFlattenedObject
 *fill*         0x0000000000017db8        0x8 
 .text.parcelWriteFlattenedObject
                0x0000000000017dc0       0x44 /opt/devkitpro/libnx/lib/libnx.a(parcel.o)
                0x0000000000017dc0                parcelWriteFlattenedObject
 *fill*         0x0000000000017e04        0xc 
 .text.nxlinkSetup
                0x0000000000017e10       0xe8 /opt/devkitpro/libnx/lib/libnx.a(nxlink.o)
                0x0000000000017e10                nxlinkSetup
 *fill*         0x0000000000017ef8        0x8 
 .text.encode_utf16
                0x0000000000017f00       0x58 /opt/devkitpro/libnx/lib/libnx.a(encode_utf16.o)
                0x0000000000017f00                encode_utf16
 *fill*         0x0000000000017f58        0x8 
 .text._ZdlPvm  0x0000000000017f60        0x4 /opt/devkitpro/devkitA64/bin/../lib/gcc/aarch64-none-elf/15.1.0/../../../../aarch64-none-elf/lib/pic/libstdc++.a(del_ops.o)
                0x0000000000017f60                operator delete(void*, unsigned long)
 *fill*         0x0000000000017f64       0x1c 
 .text._Znwm    0x0000000000017f80       0x68 /opt/devkitpro/devkitA64/bin/../lib/gcc/aarch64-none-elf/15.1.0/../../../../aarch64-none-elf/lib/pic/libstdc++.a(new_op.o)
                0x0000000000017f80                operator new(unsigned long)
 *fill*         0x0000000000017fe8       0x18 
 .text._ZNSt7__cxx1112basic_stringIcSt11char_traitsIcESaIcEE9_M_createERmm
                0x0000000000018000       0x5c /opt/devkitpro/devkitA64/bin/../lib/gcc/aarch64-none-elf/15.1.0/../../../../aarch64-none-elf/lib/pic/libstdc++.a(string-inst.o)
                0x0000000000018000                std::__cxx11::basic_string<char, std::char_traits<char>, std::allocator<char> >::_M_create(unsigned long&, unsigned long)
 *fill*         0x000000000001805c        0x4 
 .text._ZNSt7__cxx1112basic_stringIcSt11char_traitsIcESaIcEE10_M_disposeEv
                0x0000000000018060       0x18 /opt/devkitpro/devkitA64/bin/../lib/gcc/aarch64-none-elf/15.1.0/../../../../aarch64-none-elf/lib/pic/libstdc++.a(string-inst.o)
                0x0000000000018060                std::__cxx11::basic_string<char, std::char_traits<char>, std::allocator<char> >::_M_dispose()
 *fill*         0x0000000000018078        0x8 
 .text._ZNSt7__cxx1112basic_stringIcSt11char_traitsIcESaIcEE9_M_assignERKS4_
                0x0000000000018080       0xfc /opt/devkitpro/devkitA64/bin/../lib/gcc/aarch64-none-elf/15.1.0/../../../../aarch64-none-elf/lib/pic/libstdc++.a(string-inst.o)
                0x0000000000018080                std::__cxx11::basic_string<char, std::char_traits<char>, std::allocator<char> >::_M_assign(std::__cxx11::basic_string<char, std::char_traits<char>, std::allocator<char> > const&)
 *fill*         0x000000000001817c        0x4 
 .text._ZNSt7__cxx1112basic_stringIcSt11char_traitsIcESaIcEE9_M_mutateEmmPKcm
                0x0000000000018180      0x128 /opt/devkitpro/devkitA64/bin/../lib/gcc/aarch64-none-elf/15.1.0/../../../../aarch64-none-elf/lib/pic/libstdc++.a(string-inst.o)
                0x0000000000018180                std::__cxx11::basic_string<char, std::char_traits<char>, std::allocator<char> >::_M_mutate(unsigned long, unsigned long, char const*, unsigned long)
 *fill*         0x00000000000182a8       0x18 
 .text._ZNSt7__cxx1112basic_stringIcSt11char_traitsIcESaIcEE7reserveEm
                0x00000000000182c0       0xa4 /opt/devkitpro/devkitA64/bin/../lib/gcc/aarch64-none-elf/15.1.0/../../../../aarch64-none-elf/lib/pic/libstdc++.a(string-inst.o)
                0x00000000000182c0                std::__cxx11::basic_string<char, std::char_traits<char>, std::allocator<char> >::reserve(unsigned long)
 *fill*         0x0000000000018364       0x1c 
 .text._ZNSt7__cxx1112basic_stringIcSt11char_traitsIcESaIcEE9_M_appendEPKcm
                0x0000000000018380       0xbc /opt/devkitpro/devkitA64/bin/../lib/gcc/aarch64-none-elf/15.1.0/../../../../aarch64-none-elf/lib/pic/libstdc++.a(string-inst.o)
                0x0000000000018380                std::__cxx11::basic_string<char, std::char_traits<char>, std::allocator<char> >::_M_append(char const*, unsigned long)
 *fill*         0x000000000001843c        0x4 
 .text._ZNKSt7__cxx1112basic_stringIcSt11char_traitsIcESaIcEE4findEcm
                0x0000000000018440       0x50 /opt/devkitpro/devkitA64/bin/../lib/gcc/aarch64-none-elf/15.1.0/../../../../aarch64-none-elf/lib/pic/libstdc++.a(string-inst.o)
                0x0000000000018440                std::__cxx11::basic_string<char, std::char_traits<char>, std::allocator<char> >::find(char, unsigned long) const
 *fill*         0x0000000000018490       0x10 
 .text._ZNSt7__cxx1112basic_stringIcSt11char_traitsIcESaIcEE12_M_constructIPKcEEvT_S8_St20forward_iterator_tag
                0x00000000000184a0       0xb4 /opt/devkitpro/devkitA64/bin/../lib/gcc/aarch64-none-elf/15.1.0/../../../../aarch64-none-elf/lib/pic/libstdc++.a(string-inst.o)
                0x00000000000184a0                void std::__cxx11::basic_string<char, std::char_traits<char>, std::allocator<char> >::_M_construct<char const*>(char const*, char const*, std::forward_iterator_tag)
 *fill*         0x0000000000018554        0xc 
 .text._ZNKSt7__cxx1112basic_stringIcSt11char_traitsIcESaIcEE6substrEmm
                0x0000000000018560       0x74 /opt/devkitpro/devkitA64/bin/../lib/gcc/aarch64-none-elf/15.1.0/../../../../aarch64-none-elf/lib/pic/libstdc++.a(string-inst.o)
                0x0000000000018560                std::__cxx11::basic_string<char, std::char_traits<char>, std::allocator<char> >::substr(unsigned long, unsigned long) const
 *fill*         0x00000000000185d4        0xc 
 .text._ZNKSt9bad_alloc4whatEv
                0x00000000000185e0        0xc /opt/devkitpro/devkitA64/bin/../lib/gcc/aarch64-none-elf/15.1.0/../../../../aarch64-none-elf/lib/pic/libstdc++.a(bad_alloc.o)
                0x00000000000185e0                std::bad_alloc::what() const
 *fill*         0x00000000000185ec       0x14 
 .text._ZNSt9bad_allocD2Ev
                0x0000000000018600       0x14 /opt/devkitpro/devkitA64/bin/../lib/gcc/aarch64-none-elf/15.1.0/../../../../aarch64-none-elf/lib/pic/libstdc++.a(bad_alloc.o)
                0x0000000000018600                std::bad_alloc::~bad_alloc()
                0x0000000000018600                std::bad_alloc::~bad_alloc()
 *fill*         0x0000000000018614        0xc 
 .text._ZNSt9bad_allocD0Ev
                0x0000000000018620       0x20 /opt/devkitpro/devkitA64/bin/../lib/gcc/aarch64-none-elf/15.1.0/../../../../aarch64-none-elf/lib/pic/libstdc++.a(bad_alloc.o)
                0x0000000000018620                std::bad_alloc::~bad_alloc()
 .text._ZdlPv   0x0000000000018640        0x4 /opt/devkitpro/devkitA64/bin/../lib/gcc/aarch64-none-elf/15.1.0/../../../../aarch64-none-elf/lib/pic/libstdc++.a(del_op.o)
                0x0000000000018640                operator delete(void*)
 *fill*         0x0000000000018644       0x1c 
 .text._ZNK9__gnu_cxx24__concurrence_lock_error4whatEv
                0x0000000000018660        0xc /opt/devkitpro/devkitA64/bin/../lib/gcc/aarch64-none-elf/15.1.0/../../../../aarch64-none-elf/lib/pic/libstdc++.a(eh_alloc.o)
                0x0000000000018660                __gnu_cxx::__concurrence_lock_error::what() const
 *fill*         0x000000000001866c       0x14 
 .text._ZNK9__gnu_cxx26__concurrence_unlock_error4whatEv
                0x0000000000018680        0xc /opt/devkitpro/devkitA64/bin/../lib/gcc/aarch64-none-elf/15.1.0/../../../../aarch64-none-elf/lib/pic/libstdc++.a(eh_alloc.o)
                0x0000000000018680                __gnu_cxx::__concurrence_unlock_error::what() const
 *fill*         0x000000000001868c       0x14 
 .text._ZN9__gnu_cxx24__concurrence_lock_errorD2Ev
                0x00000000000186a0       0x14 /opt/devkitpro/devkitA64/bin/../lib/gcc/aarch64-none-elf/15.1.0/../../../../aarch64-none-elf/lib/pic/libstdc++.a(eh_alloc.o)
                0x00000000000186a0                __gnu_cxx::__concurrence_lock_error::~__concurrence_lock_error()
                0x00000000000186a0                __gnu_cxx::__concurrence_lock_error::~__concurrence_lock_error()
 *fill*         0x00000000000186b4        0xc 
 .text._ZN9__gnu_cxx24__concurrence_lock_errorD0Ev
                0x00000000000186c0       0x38 /opt/devkitpro/devkitA64/bin/../lib/gcc/aarch64-none-elf/15.1.0/../../../../aarch64-none-elf/lib/pic/libstdc++.a(eh_alloc.o)
                0x00000000000186c0                __gnu_cxx::__concurrence_lock_error::~__concurrence_lock_error()
 *fill*         0x00000000000186f8        0x8 
 .text._ZN9__gnu_cxx26__concurrence_unlock_errorD2Ev
                0x0000000000018700       0x14 /opt/devkitpro/devkitA64/bin/../lib/gcc/aarch64-none-elf/15.1.0/../../../../aarch64-none-elf/lib/pic/libstdc++.a(eh_alloc.o)
                0x0000000000018700                __gnu_cxx::__concurrence_unlock_error::~__concurrence_unlock_error()